../Core/Src/main.c:110:6:enable_clocks	4	static
../Core/Src/main.c:116:6:ADC_select_CH2	8	static
../Core/Src/main.c:129:6:ADC_select_CH3	8	static
../Core/Src/main.c:142:6:ADC_select_CH4	8	static
../Core/Src/main.c:155:6:ADC_select_CH5	8	static
../Core/Src/main.c:168:6:ADC_select_CH6	8	static
../Core/Src/main.c:181:6:ADC_select_CH7	8	static
../Core/Src/main.c:194:6:ADC_select_CH8	8	static
../Core/Src/main.c:207:6:ADC_select_CH9	8	static
../Core/Src/main.c:221:6:shuffleArray	24	static
../Core/Src/main.c:228:6:enableLED	16	static
../Core/Src/main.c:237:6:turnOnLED	16	static
../Core/Src/main.c:243:6:turnOnAll	4	static
../Core/Src/main.c:253:5:main	2560	static
../Core/Src/main.c:579:6:SystemClock_Config	128	static
../Core/Src/main.c:630:13:MX_ADC1_Init	24	static
../Core/Src/main.c:751:13:MX_I2C1_Init	8	static
../Core/Src/main.c:799:13:MX_USART1_UART_Init	8	static
../Core/Src/main.c:834:13:MX_GPIO_Init	48	static
../Core/Src/main.c:885:6:Error_Handler	4	static,ignoring_inline_asm
