../Core/Src/main.c:112:6:enable_clocks	4	static
../Core/Src/main.c:119:6:shuffleArray	24	static
../Core/Src/main.c:126:6:enableLED	16	static
../Core/Src/main.c:135:6:turnOnLED	16	static
../Core/Src/main.c:141:6:turnOnAll	4	static
../Core/Src/main.c:151:5:main	2560	static
../Core/Src/main.c:477:6:SystemClock_Config	128	static
../Core/Src/main.c:528:13:MX_ADC1_Init	24	static
../Core/Src/main.c:649:13:MX_I2C1_Init	8	static
../Core/Src/main.c:697:13:MX_USART1_UART_Init	8	static
../Core/Src/main.c:732:13:MX_GPIO_Init	48	static
../Core/Src/main.c:783:6:Error_Handler	4	static,ignoring_inline_asm
