../Core/Src/main.c:73:6:enable_clocks	4	static
../Core/Src/main.c:78:6:initialise_board	16	static
../Core/Src/main.c:85:6:ADC_select_CH2	8	static
../Core/Src/main.c:98:6:ADC_select_CH3	8	static
../Core/Src/main.c:111:6:ADC_select_CH4	8	static
../Core/Src/main.c:124:6:ADC_select_CH5	8	static
../Core/Src/main.c:137:6:ADC_select_CH6	8	static
../Core/Src/main.c:150:6:ADC_select_CH7	8	static
../Core/Src/main.c:163:6:ADC_select_CH8	8	static
../Core/Src/main.c:176:6:ADC_select_CH9	8	static
../Core/Src/main.c:195:5:main	136	static
../Core/Src/main.c:288:6:SystemClock_Config	128	static
../Core/Src/main.c:339:13:MX_ADC1_Init	24	static
../Core/Src/main.c:467:13:MX_I2C1_Init	8	static
../Core/Src/main.c:515:13:MX_SPI1_Init	8	static
../Core/Src/main.c:555:13:MX_USB_PCD_Init	8	static
../Core/Src/main.c:586:13:MX_GPIO_Init	48	static
../Core/Src/main.c:637:6:Error_Handler	4	static,ignoring_inline_asm
