../Core/Src/main.c:74:6:enable_clocks	4	static
../Core/Src/main.c:79:6:initialise_board	16	static
../Core/Src/main.c:86:6:ADC_select_CH2	8	static
../Core/Src/main.c:99:6:ADC_select_CH3	8	static
../Core/Src/main.c:112:6:ADC_select_CH4	8	static
../Core/Src/main.c:125:6:ADC_select_CH5	8	static
../Core/Src/main.c:138:6:ADC_select_CH6	8	static
../Core/Src/main.c:151:6:ADC_select_CH7	8	static
../Core/Src/main.c:164:6:ADC_select_CH8	8	static
../Core/Src/main.c:177:6:ADC_select_CH9	8	static
../Core/Src/main.c:196:5:main	104	static
../Core/Src/main.c:292:6:SystemClock_Config	128	static
../Core/Src/main.c:343:13:MX_ADC1_Init	24	static
../Core/Src/main.c:473:13:MX_I2C1_Init	8	static
../Core/Src/main.c:521:13:MX_SPI1_Init	8	static
../Core/Src/main.c:561:13:MX_USB_PCD_Init	8	static
../Core/Src/main.c:592:13:MX_GPIO_Init	48	static
../Core/Src/main.c:643:6:Error_Handler	4	static,ignoring_inline_asm
