../Core/Src/main.c:115:6:enable_clocks	4	static
../Core/Src/main.c:121:6:ADC_select_CH2	8	static
../Core/Src/main.c:134:6:ADC_select_CH3	8	static
../Core/Src/main.c:147:6:ADC_select_CH4	8	static
../Core/Src/main.c:160:6:ADC_select_CH5	8	static
../Core/Src/main.c:173:6:ADC_select_CH6	8	static
../Core/Src/main.c:186:6:ADC_select_CH7	8	static
../Core/Src/main.c:199:6:ADC_select_CH8	8	static
../Core/Src/main.c:212:6:ADC_select_CH9	8	static
../Core/Src/main.c:226:6:shuffleArray	24	static
../Core/Src/main.c:233:6:enableLED	16	static
../Core/Src/main.c:242:6:turnOnLED	16	static
../Core/Src/main.c:248:6:turnOnAll	4	static
../Core/Src/main.c:252:6:turnOnFour	4	static
../Core/Src/main.c:259:6:HAL_SYSTICK_Callback	4	static
../Core/Src/main.c:265:9:GenerateRandomNumber	4	static
../Core/Src/main.c:277:5:main	2480	static
../Core/Src/main.c:621:6:SystemClock_Config	128	static
../Core/Src/main.c:672:13:MX_ADC1_Init	24	static
../Core/Src/main.c:793:13:MX_I2C1_Init	8	static
../Core/Src/main.c:841:13:MX_USART1_UART_Init	8	static
../Core/Src/main.c:876:13:MX_GPIO_Init	48	static
../Core/Src/main.c:927:6:Error_Handler	4	static,ignoring_inline_asm
