../Core/Src/main.c:116:6:enable_clocks	4	static
../Core/Src/main.c:123:6:shuffleArray	24	static
../Core/Src/main.c:130:6:enableLED	16	static
../Core/Src/main.c:139:6:turnOnLED	16	static
../Core/Src/main.c:145:6:turnOnAll	4	static
../Core/Src/main.c:149:6:turnOnFour	4	static
../Core/Src/main.c:156:6:HAL_SYSTICK_Callback	4	static
../Core/Src/main.c:162:9:GenerateRandomNumber	4	static
../Core/Src/main.c:174:5:main	2480	static
../Core/Src/main.c:514:6:SystemClock_Config	128	static
../Core/Src/main.c:565:13:MX_ADC1_Init	24	static
../Core/Src/main.c:686:13:MX_I2C1_Init	8	static
../Core/Src/main.c:734:13:MX_USART1_UART_Init	8	static
../Core/Src/main.c:769:13:MX_GPIO_Init	48	static
../Core/Src/main.c:820:6:Error_Handler	4	static,ignoring_inline_asm
