Archive member included to satisfy reference by file (symbol)

/Applications/STM32CubeIDE.app/Contents/Eclipse/plugins/com.st.stm32cube.ide.mcu.externaltools.gnu-tools-for-stm32.10.3-2021.10.macos64_1.0.200.202301161003/tools/bin/../lib/gcc/arm-none-eabi/10.3.1/../../../../arm-none-eabi/lib/thumb/v7e-m+fp/hard/libc_nano.a(lib_a-errno.o)
                              ./Core/Src/syscalls.o (__errno)
/Applications/STM32CubeIDE.app/Contents/Eclipse/plugins/com.st.stm32cube.ide.mcu.externaltools.gnu-tools-for-stm32.10.3-2021.10.macos64_1.0.200.202301161003/tools/bin/../lib/gcc/arm-none-eabi/10.3.1/../../../../arm-none-eabi/lib/thumb/v7e-m+fp/hard/libc_nano.a(lib_a-exit.o)
                              /Applications/STM32CubeIDE.app/Contents/Eclipse/plugins/com.st.stm32cube.ide.mcu.externaltools.gnu-tools-for-stm32.10.3-2021.10.macos64_1.0.200.202301161003/tools/bin/../lib/gcc/arm-none-eabi/10.3.1/../../../../arm-none-eabi/lib/thumb/v7e-m+fp/hard/crt0.o (exit)
/Applications/STM32CubeIDE.app/Contents/Eclipse/plugins/com.st.stm32cube.ide.mcu.externaltools.gnu-tools-for-stm32.10.3-2021.10.macos64_1.0.200.202301161003/tools/bin/../lib/gcc/arm-none-eabi/10.3.1/../../../../arm-none-eabi/lib/thumb/v7e-m+fp/hard/libc_nano.a(lib_a-impure.o)
                              /Applications/STM32CubeIDE.app/Contents/Eclipse/plugins/com.st.stm32cube.ide.mcu.externaltools.gnu-tools-for-stm32.10.3-2021.10.macos64_1.0.200.202301161003/tools/bin/../lib/gcc/arm-none-eabi/10.3.1/../../../../arm-none-eabi/lib/thumb/v7e-m+fp/hard/libc_nano.a(lib_a-exit.o) (_global_impure_ptr)
/Applications/STM32CubeIDE.app/Contents/Eclipse/plugins/com.st.stm32cube.ide.mcu.externaltools.gnu-tools-for-stm32.10.3-2021.10.macos64_1.0.200.202301161003/tools/bin/../lib/gcc/arm-none-eabi/10.3.1/../../../../arm-none-eabi/lib/thumb/v7e-m+fp/hard/libc_nano.a(lib_a-init.o)
                              /Applications/STM32CubeIDE.app/Contents/Eclipse/plugins/com.st.stm32cube.ide.mcu.externaltools.gnu-tools-for-stm32.10.3-2021.10.macos64_1.0.200.202301161003/tools/bin/../lib/gcc/arm-none-eabi/10.3.1/../../../../arm-none-eabi/lib/thumb/v7e-m+fp/hard/crt0.o (__libc_init_array)
/Applications/STM32CubeIDE.app/Contents/Eclipse/plugins/com.st.stm32cube.ide.mcu.externaltools.gnu-tools-for-stm32.10.3-2021.10.macos64_1.0.200.202301161003/tools/bin/../lib/gcc/arm-none-eabi/10.3.1/../../../../arm-none-eabi/lib/thumb/v7e-m+fp/hard/libc_nano.a(lib_a-memset.o)
                              /Applications/STM32CubeIDE.app/Contents/Eclipse/plugins/com.st.stm32cube.ide.mcu.externaltools.gnu-tools-for-stm32.10.3-2021.10.macos64_1.0.200.202301161003/tools/bin/../lib/gcc/arm-none-eabi/10.3.1/../../../../arm-none-eabi/lib/thumb/v7e-m+fp/hard/crt0.o (memset)
/Applications/STM32CubeIDE.app/Contents/Eclipse/plugins/com.st.stm32cube.ide.mcu.externaltools.gnu-tools-for-stm32.10.3-2021.10.macos64_1.0.200.202301161003/tools/bin/../lib/gcc/arm-none-eabi/10.3.1/thumb/v7e-m+fp/hard/libgcc.a(_arm_addsubdf3.o)
                              ./Core/Src/safecracker.o (__aeabi_dadd)
/Applications/STM32CubeIDE.app/Contents/Eclipse/plugins/com.st.stm32cube.ide.mcu.externaltools.gnu-tools-for-stm32.10.3-2021.10.macos64_1.0.200.202301161003/tools/bin/../lib/gcc/arm-none-eabi/10.3.1/thumb/v7e-m+fp/hard/libgcc.a(_arm_muldivdf3.o)
                              ./Core/Src/safecracker.o (__aeabi_ddiv)
/Applications/STM32CubeIDE.app/Contents/Eclipse/plugins/com.st.stm32cube.ide.mcu.externaltools.gnu-tools-for-stm32.10.3-2021.10.macos64_1.0.200.202301161003/tools/bin/../lib/gcc/arm-none-eabi/10.3.1/thumb/v7e-m+fp/hard/libgcc.a(_arm_fixunsdfsi.o)
                              ./Core/Src/safecracker.o (__aeabi_d2uiz)

Discarded input sections

 .text          0x0000000000000000        0x0 /Applications/STM32CubeIDE.app/Contents/Eclipse/plugins/com.st.stm32cube.ide.mcu.externaltools.gnu-tools-for-stm32.10.3-2021.10.macos64_1.0.200.202301161003/tools/bin/../lib/gcc/arm-none-eabi/10.3.1/thumb/v7e-m+fp/hard/crti.o
 .data          0x0000000000000000        0x0 /Applications/STM32CubeIDE.app/Contents/Eclipse/plugins/com.st.stm32cube.ide.mcu.externaltools.gnu-tools-for-stm32.10.3-2021.10.macos64_1.0.200.202301161003/tools/bin/../lib/gcc/arm-none-eabi/10.3.1/thumb/v7e-m+fp/hard/crti.o
 .bss           0x0000000000000000        0x0 /Applications/STM32CubeIDE.app/Contents/Eclipse/plugins/com.st.stm32cube.ide.mcu.externaltools.gnu-tools-for-stm32.10.3-2021.10.macos64_1.0.200.202301161003/tools/bin/../lib/gcc/arm-none-eabi/10.3.1/thumb/v7e-m+fp/hard/crti.o
 .data          0x0000000000000000        0x4 /Applications/STM32CubeIDE.app/Contents/Eclipse/plugins/com.st.stm32cube.ide.mcu.externaltools.gnu-tools-for-stm32.10.3-2021.10.macos64_1.0.200.202301161003/tools/bin/../lib/gcc/arm-none-eabi/10.3.1/thumb/v7e-m+fp/hard/crtbegin.o
[...]
Memory Configuration

Name             Origin             Length             Attributes
CCMRAM           0x0000000010000000 0x0000000000002000 xrw
RAM              0x0000000020000000 0x000000000000a000 xrw
FLASH            0x0000000008000000 0x0000000000040000 xr
*default*        0x0000000000000000 0xffffffffffffffff

Linker script and memory map

LOAD /Applications/STM32CubeIDE.app/Contents/Eclipse/plugins/com.st.stm32cube.ide.mcu.externaltools.gnu-tools-for-stm32.10.3-2021.10.macos64_1.0.200.202301161003/tools/bin/../lib/gcc/arm-none-eabi/10.3.1/thumb/v7e-m+fp/hard/crti.o
LOAD /Applications/STM32CubeIDE.app/Contents/Eclipse/plugins/com.st.stm32cube.ide.mcu.externaltools.gnu-tools-for-stm32.10.3-2021.10.macos64_1.0.200.202301161003/tools/bin/../lib/gcc/arm-none-eabi/10.3.1/thumb/v7e-m+fp/hard/crtbegin.o
LOAD /Applications/STM32CubeIDE.app/Contents/Eclipse/plugins/com.st.stm32cube.ide.mcu.externaltools.gnu-tools-for-stm32.10.3-2021.10.macos64_1.0.200.202301161003/tools/bin/../lib/gcc/arm-none-eabi/10.3.1/../../../../arm-none-eabi/lib/thumb/v7e-m+fp/hard/crt0.o
LOAD ./Core/Src/adc.o
LOAD ./Core/Src/gpio.o
LOAD ./Core/Src/i2c.o
LOAD ./Core/Src/main.o
LOAD ./Core/Src/motor.o
LOAD ./Core/Src/peripherals.o
LOAD ./Core/Src/ptu_i2c.o
LOAD ./Core/Src/safecracker.o
LOAD ./Core/Src/serial.o
LOAD ./Core/Src/spi.o
LOAD ./Core/Src/stm32f3xx_hal_msp.o
LOAD ./Core/Src/stm32f3xx_it.o
LOAD ./Core/Src/syscalls.o
LOAD ./Core/Src/sysclock_config.o
LOAD ./Core/Src/sysmem.o
LOAD ./Core/Src/system_stm32f3xx.o
LOAD ./Core/Src/tim.o
LOAD ./Core/Src/usart.o
LOAD ./Core/Src/usb.o
LOAD ./Core/Startup/startup_stm32f303vctx.o
LOAD ./Drivers/STM32F3xx_HAL_Driver/Src/stm32f3xx_hal.o
LOAD ./Drivers/STM32F3xx_HAL_Driver/Src/stm32f3xx_hal_adc.o
LOAD ./Drivers/STM32F3xx_HAL_Driver/Src/stm32f3xx_hal_adc_ex.o
LOAD ./Drivers/STM32F3xx_HAL_Driver/Src/stm32f3xx_hal_cortex.o
LOAD ./Drivers/STM32F3xx_HAL_Driver/Src/stm32f3xx_hal_dma.o
LOAD ./Drivers/STM32F3xx_HAL_Driver/Src/stm32f3xx_hal_exti.o
LOAD ./Drivers/STM32F3xx_HAL_Driver/Src/stm32f3xx_hal_flash.o
LOAD ./Drivers/STM32F3xx_HAL_Driver/Src/stm32f3xx_hal_flash_ex.o
LOAD ./Drivers/STM32F3xx_HAL_Driver/Src/stm32f3xx_hal_gpio.o
LOAD ./Drivers/STM32F3xx_HAL_Driver/Src/stm32f3xx_hal_i2c.o
LOAD ./Drivers/STM32F3xx_HAL_Driver/Src/stm32f3xx_hal_i2c_ex.o
LOAD ./Drivers/STM32F3xx_HAL_Driver/Src/stm32f3xx_hal_pcd.o
LOAD ./Drivers/STM32F3xx_HAL_Driver/Src/stm32f3xx_hal_pcd_ex.o
LOAD ./Drivers/STM32F3xx_HAL_Driver/Src/stm32f3xx_hal_pwr.o
LOAD ./Drivers/STM32F3xx_HAL_Driver/Src/stm32f3xx_hal_pwr_ex.o
LOAD ./Drivers/STM32F3xx_HAL_Driver/Src/stm32f3xx_hal_rcc.o
LOAD ./Drivers/STM32F3xx_HAL_Driver/Src/stm32f3xx_hal_rcc_ex.o
LOAD ./Drivers/STM32F3xx_HAL_Driver/Src/stm32f3xx_hal_spi.o
LOAD ./Drivers/STM32F3xx_HAL_Driver/Src/stm32f3xx_hal_spi_ex.o
LOAD ./Drivers/STM32F3xx_HAL_Driver/Src/stm32f3xx_hal_tim.o
LOAD ./Drivers/STM32F3xx_HAL_Driver/Src/stm32f3xx_hal_tim_ex.o
LOAD ./Drivers/STM32F3xx_HAL_Driver/Src/stm32f3xx_hal_uart.o
LOAD ./Drivers/STM32F3xx_HAL_Driver/Src/stm32f3xx_hal_uart_ex.o
LOAD ./Drivers/STM32F3xx_HAL_Driver/Src/stm32f3xx_ll_usb.o
START GROUP
LOAD /Applications/STM32CubeIDE.app/Contents/Eclipse/plugins/com.st.stm32cube.ide.mcu.externaltools.gnu-tools-for-stm32.10.3-2021.10.macos64_1.0.200.202301161003/tools/bin/../lib/gcc/arm-none-eabi/10.3.1/../../../../arm-none-eabi/lib/thumb/v7e-m+fp/hard/libc_nano.a
LOAD /Applications/STM32CubeIDE.app/Contents/Eclipse/plugins/com.st.stm32cube.ide.mcu.externaltools.gnu-tools-for-stm32.10.3-2021.10.macos64_1.0.200.202301161003/tools/bin/../lib/gcc/arm-none-eabi/10.3.1/../../../../arm-none-eabi/lib/thumb/v7e-m+fp/hard/libm.a
END GROUP
START GROUP
LOAD /Applications/STM32CubeIDE.app/Contents/Eclipse/plugins/com.st.stm32cube.ide.mcu.externaltools.gnu-tools-for-stm32.10.3-2021.10.macos64_1.0.200.202301161003/tools/bin/../lib/gcc/arm-none-eabi/10.3.1/thumb/v7e-m+fp/hard/libgcc.a
LOAD /Applications/STM32CubeIDE.app/Contents/Eclipse/plugins/com.st.stm32cube.ide.mcu.externaltools.gnu-tools-for-stm32.10.3-2021.10.macos64_1.0.200.202301161003/tools/bin/../lib/gcc/arm-none-eabi/10.3.1/../../../../arm-none-eabi/lib/thumb/v7e-m+fp/hard/libc_nano.a
END GROUP
START GROUP
LOAD /Applications/STM32CubeIDE.app/Contents/Eclipse/plugins/com.st.stm32cube.ide.mcu.externaltools.gnu-tools-for-stm32.10.3-2021.10.macos64_1.0.200.202301161003/tools/bin/../lib/gcc/arm-none-eabi/10.3.1/thumb/v7e-m+fp/hard/libgcc.a
LOAD /Applications/STM32CubeIDE.app/Contents/Eclipse/plugins/com.st.stm32cube.ide.mcu.externaltools.gnu-tools-for-stm32.10.3-2021.10.macos64_1.0.200.202301161003/tools/bin/../lib/gcc/arm-none-eabi/10.3.1/../../../../arm-none-eabi/lib/thumb/v7e-m+fp/hard/libc_nano.a
LOAD /Applications/STM32CubeIDE.app/Contents/Eclipse/plugins/com.st.stm32cube.ide.mcu.externaltools.gnu-tools-for-stm32.10.3-2021.10.macos64_1.0.200.202301161003/tools/bin/../lib/gcc/arm-none-eabi/10.3.1/../../../../arm-none-eabi/lib/thumb/v7e-m+fp/hard/libnosys.a
END GROUP
START GROUP
LOAD /Applications/STM32CubeIDE.app/Contents/Eclipse/plugins/com.st.stm32cube.ide.mcu.externaltools.gnu-tools-for-stm32.10.3-2021.10.macos64_1.0.200.202301161003/tools/bin/../lib/gcc/arm-none-eabi/10.3.1/thumb/v7e-m+fp/hard/libgcc.a
LOAD /Applications/STM32CubeIDE.app/Contents/Eclipse/plugins/com.st.stm32cube.ide.mcu.externaltools.gnu-tools-for-stm32.10.3-2021.10.macos64_1.0.200.202301161003/tools/bin/../lib/gcc/arm-none-eabi/10.3.1/../../../../arm-none-eabi/lib/thumb/v7e-m+fp/hard/libc_nano.a
LOAD /Applications/STM32CubeIDE.app/Contents/Eclipse/plugins/com.st.stm32cube.ide.mcu.externaltools.gnu-tools-for-stm32.10.3-2021.10.macos64_1.0.200.202301161003/tools/bin/../lib/gcc/arm-none-eabi/10.3.1/../../../../arm-none-eabi/lib/thumb/v7e-m+fp/hard/libnosys.a
END GROUP
LOAD /Applications/STM32CubeIDE.app/Contents/Eclipse/plugins/com.st.stm32cube.ide.mcu.externaltools.gnu-tools-for-stm32.10.3-2021.10.macos64_1.0.200.202301161003/tools/bin/../lib/gcc/arm-none-eabi/10.3.1/thumb/v7e-m+fp/hard/crtend.o
LOAD /Applications/STM32CubeIDE.app/Contents/Eclipse/plugins/com.st.stm32cube.ide.mcu.externaltools.gnu-tools-for-stm32.10.3-2021.10.macos64_1.0.200.202301161003/tools/bin/../lib/gcc/arm-none-eabi/10.3.1/thumb/v7e-m+fp/hard/crtn.o
                0x000000002000a000                _estack = (ORIGIN (RAM) + LENGTH (RAM))
                0x0000000000000200                _Min_Heap_Size = 0x200
                0x0000000000000400                _Min_Stack_Size = 0x400

.isr_vector     0x0000000008000000      0x188
                0x0000000008000000                . = ALIGN (0x4)
 *(.isr_vector)
 .isr_vector    0x0000000008000000      0x188 ./Core/Startup/startup_stm32f303vctx.o
                0x0000000008000000                g_pfnVectors
                0x0000000008000188                . = ALIGN (0x4)

.text           0x0000000008000188     0x7d28
                0x0000000008000188                . = ALIGN (0x4)
 *(.text)
 .text          0x0000000008000188       0x40 /Applications/STM32CubeIDE.app/Contents/Eclipse/plugins/com.st.stm32cube.ide.mcu.externaltools.gnu-tools-for-stm32.10.3-2021.10.macos64_1.0.200.202301161003/tools/bin/../lib/gcc/arm-none-eabi/10.3.1/thumb/v7e-m+fp/hard/crtbegin.o
 .text          0x00000000080001c8      0x378 /Applications/STM32CubeIDE.app/Contents/Eclipse/plugins/com.st.stm32cube.ide.mcu.externaltools.gnu-tools-for-stm32.10.3-2021.10.macos64_1.0.200.202301161003/tools/bin/../lib/gcc/arm-none-eabi/10.3.1/thumb/v7e-m+fp/hard/libgcc.a(_arm_addsubdf3.o)
                0x00000000080001c8                __aeabi_drsub
                0x00000000080001d0                __subdf3
                0x00000000080001d0                __aeabi_dsub
                0x00000000080001d4                __aeabi_dadd
                0x00000000080001d4                __adddf3
                0x000000000800044c                __aeabi_ui2d
                0x000000000800044c                __floatunsidf
                0x000000000800046c                __floatsidf
                0x000000000800046c                __aeabi_i2d
                0x0000000008000490                __extendsfdf2
                0x0000000008000490                __aeabi_f2d
                0x00000000080004d4                __aeabi_ul2d
                0x00000000080004d4                __floatundidf
                0x00000000080004e4                __aeabi_l2d
                0x00000000080004e4                __floatdidf
 .text          0x0000000008000540      0x424 /Applications/STM32CubeIDE.app/Contents/Eclipse/plugins/com.st.stm32cube.ide.mcu.externaltools.gnu-tools-for-stm32.10.3-2021.10.macos64_1.0.200.202301161003/tools/bin/../lib/gcc/arm-none-eabi/10.3.1/thumb/v7e-m+fp/hard/libgcc.a(_arm_muldivdf3.o)
                0x0000000008000540                __aeabi_dmul
                0x0000000008000540                __muldf3
                0x0000000008000794                __aeabi_ddiv
                0x0000000008000794                __divdf3
 .text          0x0000000008000964       0x40 /Applications/STM32CubeIDE.app/Contents/Eclipse/plugins/com.st.stm32cube.ide.mcu.externaltools.gnu-tools-for-stm32.10.3-2021.10.macos64_1.0.200.202301161003/tools/bin/../lib/gcc/arm-none-eabi/10.3.1/thumb/v7e-m+fp/hard/libgcc.a(_arm_fixunsdfsi.o)
                0x0000000008000964                __fixunsdfsi
                0x0000000008000964                __aeabi_d2uiz
 *(.text*)
 .text.MX_ADC1_Init
                0x00000000080009a4       0xe0 ./Core/Src/adc.o
                0x00000000080009a4                MX_ADC1_Init
 .text.HAL_ADC_MspInit
                0x0000000008000a84       0x78 ./Core/Src/adc.o
                0x0000000008000a84                HAL_ADC_MspInit
 .text.getADCValue
                0x0000000008000afc       0x3c ./Core/Src/adc.o
                0x0000000008000afc                getADCValue
 .text.MX_GPIO_Init
                0x0000000008000b38       0xfc ./Core/Src/gpio.o
                0x0000000008000b38                MX_GPIO_Init
 .text.MX_I2C1_Init
                0x0000000008000c34       0x80 ./Core/Src/i2c.o
                0x0000000008000c34                MX_I2C1_Init
 .text.HAL_I2C_MspInit
                0x0000000008000cb4       0x88 ./Core/Src/i2c.o
                0x0000000008000cb4                HAL_I2C_MspInit
 .text.main     0x0000000008000d3c        0xe ./Core/Src/main.o
                0x0000000008000d3c                main
 .text.move_motor
                0x0000000008000d4a       0x56 ./Core/Src/motor.o
                0x0000000008000d4a                move_motor
 .text.Init_Peripherals
                0x0000000008000da0       0x74 ./Core/Src/peripherals.o
                0x0000000008000da0                Init_Peripherals
 .text.initialise_ptu_i2c
                0x0000000008000e14      0x164 ./Core/Src/ptu_i2c.o
                0x0000000008000e14                initialise_ptu_i2c
 .text.generate_target_angles
                0x0000000008000f78       0x50 ./Core/Src/safecracker.o
                0x0000000008000f78                generate_target_angles
 .text.run_safecracker
                0x0000000008000fc8      0x1bc ./Core/Src/safecracker.o
                0x0000000008000fc8                run_safecracker
 .text.MX_SPI1_Init
                0x0000000008001184       0x7c ./Core/Src/spi.o
                0x0000000008001184                MX_SPI1_Init
 .text.HAL_SPI_MspInit
                0x0000000008001200       0x84 ./Core/Src/spi.o
                0x0000000008001200                HAL_SPI_MspInit
 .text.HAL_MspInit
                0x0000000008001284       0x48 ./Core/Src/stm32f3xx_hal_msp.o
                0x0000000008001284                HAL_MspInit
 .text.NMI_Handler
                0x00000000080012cc        0x6 ./Core/Src/stm32f3xx_it.o
                0x00000000080012cc                NMI_Handler
 .text.HardFault_Handler
                0x00000000080012d2        0x6 ./Core/Src/stm32f3xx_it.o
                0x00000000080012d2                HardFault_Handler
 .text.MemManage_Handler
                0x00000000080012d8        0x6 ./Core/Src/stm32f3xx_it.o
                0x00000000080012d8                MemManage_Handler
 .text.BusFault_Handler
                0x00000000080012de        0x6 ./Core/Src/stm32f3xx_it.o
                0x00000000080012de                BusFault_Handler
 .text.UsageFault_Handler
                0x00000000080012e4        0x6 ./Core/Src/stm32f3xx_it.o
                0x00000000080012e4                UsageFault_Handler
 .text.SVC_Handler
                0x00000000080012ea        0xe ./Core/Src/stm32f3xx_it.o
                0x00000000080012ea                SVC_Handler
 .text.DebugMon_Handler
                0x00000000080012f8        0xe ./Core/Src/stm32f3xx_it.o
                0x00000000080012f8                DebugMon_Handler
 .text.PendSV_Handler
                0x0000000008001306        0xe ./Core/Src/stm32f3xx_it.o
                0x0000000008001306                PendSV_Handler
 .text.SysTick_Handler
                0x0000000008001314        0xc ./Core/Src/stm32f3xx_it.o
                0x0000000008001314                SysTick_Handler
 .text.TIM1_CC_IRQHandler
                0x0000000008001320       0x14 ./Core/Src/stm32f3xx_it.o
                0x0000000008001320                TIM1_CC_IRQHandler
 .text.TIM2_IRQHandler
                0x0000000008001334       0x14 ./Core/Src/stm32f3xx_it.o
                0x0000000008001334                TIM2_IRQHandler
 .text.SystemClock_Config
                0x0000000008001348       0xd0 ./Core/Src/sysclock_config.o
                0x0000000008001348                SystemClock_Config
 .text.Error_Handler
                0x0000000008001418        0xa ./Core/Src/sysclock_config.o
                0x0000000008001418                Error_Handler
 *fill*         0x0000000008001422        0x2 
 .text.SystemInit
                0x0000000008001424       0x24 ./Core/Src/system_stm32f3xx.o
                0x0000000008001424                SystemInit
 .text.MX_TIM1_Init
                0x0000000008001448       0xec ./Core/Src/tim.o
                0x0000000008001448                MX_TIM1_Init
 .text.MX_TIM2_Init
                0x0000000008001534       0xcc ./Core/Src/tim.o
                0x0000000008001534                MX_TIM2_Init
 .text.HAL_TIM_Base_MspInit
                0x0000000008001600       0x98 ./Core/Src/tim.o
                0x0000000008001600                HAL_TIM_Base_MspInit
 .text.HAL_TIM_PWM_MspInit
                0x0000000008001698       0x48 ./Core/Src/tim.o
                0x0000000008001698                HAL_TIM_PWM_MspInit
 .text.HAL_TIM_MspPostInit
                0x00000000080016e0       0x6c ./Core/Src/tim.o
                0x00000000080016e0                HAL_TIM_MspPostInit
 .text.MX_USART1_UART_Init
                0x000000000800174c       0x60 ./Core/Src/usart.o
                0x000000000800174c                MX_USART1_UART_Init
 .text.HAL_UART_MspInit
                0x00000000080017ac       0x88 ./Core/Src/usart.o
                0x00000000080017ac                HAL_UART_MspInit
 .text.MX_USB_PCD_Init
                0x0000000008001834       0x44 ./Core/Src/usb.o
                0x0000000008001834                MX_USB_PCD_Init
 .text.HAL_PCD_MspInit
                0x0000000008001878       0x88 ./Core/Src/usb.o
                0x0000000008001878                HAL_PCD_MspInit
 .text.Reset_Handler
                0x0000000008001900       0x50 ./Core/Startup/startup_stm32f303vctx.o
                0x0000000008001900                Reset_Handler
 .text.Default_Handler
                0x0000000008001950        0x2 ./Core/Startup/startup_stm32f303vctx.o
                0x0000000008001950                TIM1_BRK_TIM15_IRQHandler
                0x0000000008001950                TIM8_TRG_COM_IRQHandler
                0x0000000008001950                TIM8_CC_IRQHandler
                0x0000000008001950                USB_HP_IRQHandler
                0x0000000008001950                PVD_IRQHandler
                0x0000000008001950                TAMP_STAMP_IRQHandler
                0x0000000008001950                EXTI3_IRQHandler
                0x0000000008001950                USB_HP_CAN_TX_IRQHandler
                0x0000000008001950                EXTI0_IRQHandler
                0x0000000008001950                I2C2_EV_IRQHandler
                0x0000000008001950                FPU_IRQHandler
                0x0000000008001950                TIM1_UP_TIM16_IRQHandler
                0x0000000008001950                ADC1_2_IRQHandler
                0x0000000008001950                SPI1_IRQHandler
                0x0000000008001950                CAN_SCE_IRQHandler
                0x0000000008001950                TIM6_DAC_IRQHandler
                0x0000000008001950                TIM8_UP_IRQHandler
                0x0000000008001950                DMA2_Channel2_IRQHandler
                0x0000000008001950                DMA1_Channel4_IRQHandler
                0x0000000008001950                USART3_IRQHandler
                0x0000000008001950                DMA1_Channel7_IRQHandler
                0x0000000008001950                UART5_IRQHandler
                0x0000000008001950                ADC3_IRQHandler
                0x0000000008001950                TIM4_IRQHandler
                0x0000000008001950                CAN_RX1_IRQHandler
                0x0000000008001950                DMA2_Channel1_IRQHandler
                0x0000000008001950                I2C1_EV_IRQHandler
                0x0000000008001950                DMA1_Channel6_IRQHandler
                0x0000000008001950                UART4_IRQHandler
                0x0000000008001950                DMA2_Channel4_IRQHandler
                0x0000000008001950                TIM3_IRQHandler
                0x0000000008001950                RCC_IRQHandler
                0x0000000008001950                DMA1_Channel1_IRQHandler
                0x0000000008001950                Default_Handler
                0x0000000008001950                USBWakeUp_RMP_IRQHandler
                0x0000000008001950                EXTI15_10_IRQHandler
                0x0000000008001950                TIM7_IRQHandler
                0x0000000008001950                EXTI9_5_IRQHandler
                0x0000000008001950                RTC_WKUP_IRQHandler
                0x0000000008001950                SPI2_IRQHandler
                0x0000000008001950                USB_LP_CAN_RX0_IRQHandler
                0x0000000008001950                DMA2_Channel5_IRQHandler
                0x0000000008001950                DMA1_Channel5_IRQHandler
                0x0000000008001950                USB_LP_IRQHandler
                0x0000000008001950                EXTI4_IRQHandler
                0x0000000008001950                TIM1_TRG_COM_TIM17_IRQHandler
                0x0000000008001950                DMA1_Channel3_IRQHandler
                0x0000000008001950                ADC4_IRQHandler
                0x0000000008001950                WWDG_IRQHandler
                0x0000000008001950                COMP7_IRQHandler
                0x0000000008001950                COMP1_2_3_IRQHandler
                0x0000000008001950                EXTI1_IRQHandler
                0x0000000008001950                USART2_IRQHandler
                0x0000000008001950                COMP4_5_6_IRQHandler
                0x0000000008001950                I2C2_ER_IRQHandler
                0x0000000008001950                DMA1_Channel2_IRQHandler
                0x0000000008001950                TIM8_BRK_IRQHandler
                0x0000000008001950                FLASH_IRQHandler
                0x0000000008001950                USART1_IRQHandler
                0x0000000008001950                SPI3_IRQHandler
                0x0000000008001950                I2C1_ER_IRQHandler
                0x0000000008001950                USBWakeUp_IRQHandler
                0x0000000008001950                DMA2_Channel3_IRQHandler
                0x0000000008001950                EXTI2_TSC_IRQHandler
                0x0000000008001950                RTC_Alarm_IRQHandler
 *fill*         0x0000000008001952        0x2 
 .text.HAL_Init
                0x0000000008001954       0x2c ./Drivers/STM32F3xx_HAL_Driver/Src/stm32f3xx_hal.o
                0x0000000008001954                HAL_Init
 .text.HAL_InitTick
                0x0000000008001980       0x60 ./Drivers/STM32F3xx_HAL_Driver/Src/stm32f3xx_hal.o
                0x0000000008001980                HAL_InitTick
 .text.HAL_IncTick
                0x00000000080019e0       0x28 ./Drivers/STM32F3xx_HAL_Driver/Src/stm32f3xx_hal.o
                0x00000000080019e0                HAL_IncTick
 .text.HAL_GetTick
                0x0000000008001a08       0x18 ./Drivers/STM32F3xx_HAL_Driver/Src/stm32f3xx_hal.o
                0x0000000008001a08                HAL_GetTick
 .text.HAL_Delay
                0x0000000008001a20       0x48 ./Drivers/STM32F3xx_HAL_Driver/Src/stm32f3xx_hal.o
                0x0000000008001a20                HAL_Delay
 .text.HAL_ADC_Init
                0x0000000008001a68      0x3c0 ./Drivers/STM32F3xx_HAL_Driver/Src/stm32f3xx_hal_adc_ex.o
                0x0000000008001a68                HAL_ADC_Init
 .text.HAL_ADC_Start
                0x0000000008001e28      0x22c ./Drivers/STM32F3xx_HAL_Driver/Src/stm32f3xx_hal_adc_ex.o
                0x0000000008001e28                HAL_ADC_Start
 .text.HAL_ADC_Stop
                0x0000000008002054       0x6a ./Drivers/STM32F3xx_HAL_Driver/Src/stm32f3xx_hal_adc_ex.o
                0x0000000008002054                HAL_ADC_Stop
 *fill*         0x00000000080020be        0x2 
 .text.HAL_ADC_PollForConversion
                0x00000000080020c0      0x204 ./Drivers/STM32F3xx_HAL_Driver/Src/stm32f3xx_hal_adc_ex.o
                0x00000000080020c0                HAL_ADC_PollForConversion
 .text.HAL_ADC_GetValue
                0x00000000080022c4       0x1a ./Drivers/STM32F3xx_HAL_Driver/Src/stm32f3xx_hal_adc_ex.o
                0x00000000080022c4                HAL_ADC_GetValue
 *fill*         0x00000000080022de        0x2 
 .text.HAL_ADC_ConfigChannel
                0x00000000080022e0      0x5d8 ./Drivers/STM32F3xx_HAL_Driver/Src/stm32f3xx_hal_adc_ex.o
                0x00000000080022e0                HAL_ADC_ConfigChannel
 .text.HAL_ADCEx_MultiModeConfigChannel
                0x00000000080028b8      0x1e4 ./Drivers/STM32F3xx_HAL_Driver/Src/stm32f3xx_hal_adc_ex.o
                0x00000000080028b8                HAL_ADCEx_MultiModeConfigChannel
 .text.ADC_Enable
                0x0000000008002a9c       0xc8 ./Drivers/STM32F3xx_HAL_Driver/Src/stm32f3xx_hal_adc_ex.o
 .text.ADC_Disable
                0x0000000008002b64       0xcc ./Drivers/STM32F3xx_HAL_Driver/Src/stm32f3xx_hal_adc_ex.o
 .text.ADC_ConversionStop
                0x0000000008002c30      0x16c ./Drivers/STM32F3xx_HAL_Driver/Src/stm32f3xx_hal_adc_ex.o
 .text.__NVIC_SetPriorityGrouping
                0x0000000008002d9c       0x48 ./Drivers/STM32F3xx_HAL_Driver/Src/stm32f3xx_hal_cortex.o
 .text.__NVIC_GetPriorityGrouping
                0x0000000008002de4       0x1c ./Drivers/STM32F3xx_HAL_Driver/Src/stm32f3xx_hal_cortex.o
 .text.__NVIC_EnableIRQ
                0x0000000008002e00       0x3c ./Drivers/STM32F3xx_HAL_Driver/Src/stm32f3xx_hal_cortex.o
 .text.__NVIC_SetPriority
                0x0000000008002e3c       0x54 ./Drivers/STM32F3xx_HAL_Driver/Src/stm32f3xx_hal_cortex.o
 .text.NVIC_EncodePriority
                0x0000000008002e90       0x66 ./Drivers/STM32F3xx_HAL_Driver/Src/stm32f3xx_hal_cortex.o
 *fill*         0x0000000008002ef6        0x2 
 .text.SysTick_Config
                0x0000000008002ef8       0x44 ./Drivers/STM32F3xx_HAL_Driver/Src/stm32f3xx_hal_cortex.o
 .text.HAL_NVIC_SetPriorityGrouping
                0x0000000008002f3c       0x16 ./Drivers/STM32F3xx_HAL_Driver/Src/stm32f3xx_hal_cortex.o
                0x0000000008002f3c                HAL_NVIC_SetPriorityGrouping
 .text.HAL_NVIC_SetPriority
                0x0000000008002f52       0x38 ./Drivers/STM32F3xx_HAL_Driver/Src/stm32f3xx_hal_cortex.o
                0x0000000008002f52                HAL_NVIC_SetPriority
 .text.HAL_NVIC_EnableIRQ
                0x0000000008002f8a       0x1c ./Drivers/STM32F3xx_HAL_Driver/Src/stm32f3xx_hal_cortex.o
                0x0000000008002f8a                HAL_NVIC_EnableIRQ
 .text.HAL_SYSTICK_Config
                0x0000000008002fa6       0x18 ./Drivers/STM32F3xx_HAL_Driver/Src/stm32f3xx_hal_cortex.o
                0x0000000008002fa6                HAL_SYSTICK_Config
 *fill*         0x0000000008002fbe        0x2 
 .text.HAL_GPIO_Init
                0x0000000008002fc0      0x2f4 ./Drivers/STM32F3xx_HAL_Driver/Src/stm32f3xx_hal_gpio.o
                0x0000000008002fc0                HAL_GPIO_Init
 .text.HAL_GPIO_WritePin
                0x00000000080032b4       0x30 ./Drivers/STM32F3xx_HAL_Driver/Src/stm32f3xx_hal_gpio.o
                0x00000000080032b4                HAL_GPIO_WritePin
 .text.HAL_I2C_Init
                0x00000000080032e4      0x11e ./Drivers/STM32F3xx_HAL_Driver/Src/stm32f3xx_hal_i2c.o
                0x00000000080032e4                HAL_I2C_Init
 *fill*         0x0000000008003402        0x2 
 .text.HAL_I2C_Mem_Write
                0x0000000008003404      0x228 ./Drivers/STM32F3xx_HAL_Driver/Src/stm32f3xx_hal_i2c.o
                0x0000000008003404                HAL_I2C_Mem_Write
 .text.HAL_I2C_Mem_Read
                0x000000000800362c      0x234 ./Drivers/STM32F3xx_HAL_Driver/Src/stm32f3xx_hal_i2c.o
                0x000000000800362c                HAL_I2C_Mem_Read
 .text.I2C_RequestMemoryWrite
                0x0000000008003860       0xa8 ./Drivers/STM32F3xx_HAL_Driver/Src/stm32f3xx_hal_i2c.o
 .text.I2C_RequestMemoryRead
                0x0000000008003908       0xa8 ./Drivers/STM32F3xx_HAL_Driver/Src/stm32f3xx_hal_i2c.o
 .text.I2C_Flush_TXDR
                0x00000000080039b0       0x48 ./Drivers/STM32F3xx_HAL_Driver/Src/stm32f3xx_hal_i2c.o
 .text.I2C_WaitOnFlagUntilTimeout
                0x00000000080039f8       0x9e ./Drivers/STM32F3xx_HAL_Driver/Src/stm32f3xx_hal_i2c.o
 .text.I2C_WaitOnTXISFlagUntilTimeout
                0x0000000008003a96       0x8e ./Drivers/STM32F3xx_HAL_Driver/Src/stm32f3xx_hal_i2c.o
 .text.I2C_WaitOnSTOPFlagUntilTimeout
                0x0000000008003b24       0x86 ./Drivers/STM32F3xx_HAL_Driver/Src/stm32f3xx_hal_i2c.o
 *fill*         0x0000000008003baa        0x2 
 .text.I2C_IsErrorOccurred
                0x0000000008003bac      0x1c0 ./Drivers/STM32F3xx_HAL_Driver/Src/stm32f3xx_hal_i2c.o
 .text.I2C_TransferConfig
                0x0000000008003d6c       0x64 ./Drivers/STM32F3xx_HAL_Driver/Src/stm32f3xx_hal_i2c.o
 .text.HAL_I2CEx_ConfigAnalogFilter
                0x0000000008003dd0       0x96 ./Drivers/STM32F3xx_HAL_Driver/Src/stm32f3xx_hal_i2c_ex.o
                0x0000000008003dd0                HAL_I2CEx_ConfigAnalogFilter
 .text.HAL_I2CEx_ConfigDigitalFilter
                0x0000000008003e66       0x98 ./Drivers/STM32F3xx_HAL_Driver/Src/stm32f3xx_hal_i2c_ex.o
                0x0000000008003e66                HAL_I2CEx_ConfigDigitalFilter
 .text.HAL_PCD_Init
                0x0000000008003efe      0x1a4 ./Drivers/STM32F3xx_HAL_Driver/Src/stm32f3xx_hal_pcd.o
                0x0000000008003efe                HAL_PCD_Init
 *fill*         0x00000000080040a2        0x2 
 .text.HAL_RCC_OscConfig
                0x00000000080040a4     0x107c ./Drivers/STM32F3xx_HAL_Driver/Src/stm32f3xx_hal_rcc.o
                0x00000000080040a4                HAL_RCC_OscConfig
 .text.HAL_RCC_ClockConfig
                0x0000000008005120      0x2f8 ./Drivers/STM32F3xx_HAL_Driver/Src/stm32f3xx_hal_rcc.o
                0x0000000008005120                HAL_RCC_ClockConfig
 .text.HAL_RCC_GetSysClockFreq
                0x0000000008005418       0xd4 ./Drivers/STM32F3xx_HAL_Driver/Src/stm32f3xx_hal_rcc.o
                0x0000000008005418                HAL_RCC_GetSysClockFreq
 .text.HAL_RCC_GetHCLKFreq
                0x00000000080054ec       0x18 ./Drivers/STM32F3xx_HAL_Driver/Src/stm32f3xx_hal_rcc.o
                0x00000000080054ec                HAL_RCC_GetHCLKFreq
 .text.HAL_RCC_GetPCLK1Freq
                0x0000000008005504       0x44 ./Drivers/STM32F3xx_HAL_Driver/Src/stm32f3xx_hal_rcc.o
                0x0000000008005504                HAL_RCC_GetPCLK1Freq
 .text.HAL_RCC_GetPCLK2Freq
                0x0000000008005548       0x44 ./Drivers/STM32F3xx_HAL_Driver/Src/stm32f3xx_hal_rcc.o
                0x0000000008005548                HAL_RCC_GetPCLK2Freq
 .text.HAL_RCCEx_PeriphCLKConfig
                0x000000000800558c      0x360 ./Drivers/STM32F3xx_HAL_Driver/Src/stm32f3xx_hal_rcc_ex.o
                0x000000000800558c                HAL_RCCEx_PeriphCLKConfig
 .text.HAL_SPI_Init
                0x00000000080058ec      0x156 ./Drivers/STM32F3xx_HAL_Driver/Src/stm32f3xx_hal_spi.o
                0x00000000080058ec                HAL_SPI_Init
 .text.HAL_TIM_Base_Init
                0x0000000008005a42       0xae ./Drivers/STM32F3xx_HAL_Driver/Src/stm32f3xx_hal_tim.o
                0x0000000008005a42                HAL_TIM_Base_Init
 .text.HAL_TIM_PWM_Init
                0x0000000008005af0       0xae ./Drivers/STM32F3xx_HAL_Driver/Src/stm32f3xx_hal_tim.o
                0x0000000008005af0                HAL_TIM_PWM_Init
 *fill*         0x0000000008005b9e        0x2 
 .text.HAL_TIM_PWM_Start
                0x0000000008005ba0      0x200 ./Drivers/STM32F3xx_HAL_Driver/Src/stm32f3xx_hal_tim.o
                0x0000000008005ba0                HAL_TIM_PWM_Start
 .text.HAL_TIM_IC_Init
                0x0000000008005da0       0xae ./Drivers/STM32F3xx_HAL_Driver/Src/stm32f3xx_hal_tim.o
                0x0000000008005da0                HAL_TIM_IC_Init
 .text.HAL_TIM_IC_MspInit
                0x0000000008005e4e       0x14 ./Drivers/STM32F3xx_HAL_Driver/Src/stm32f3xx_hal_tim.o
                0x0000000008005e4e                HAL_TIM_IC_MspInit
 *fill*         0x0000000008005e62        0x2 
 .text.HAL_TIM_IC_Start_IT
                0x0000000008005e64      0x284 ./Drivers/STM32F3xx_HAL_Driver/Src/stm32f3xx_hal_tim.o
                0x0000000008005e64                HAL_TIM_IC_Start_IT
 .text.HAL_TIM_IRQHandler
                0x00000000080060e8      0x23e ./Drivers/STM32F3xx_HAL_Driver/Src/stm32f3xx_hal_tim.o
                0x00000000080060e8                HAL_TIM_IRQHandler
 .text.HAL_TIM_IC_ConfigChannel
                0x0000000008006326      0x138 ./Drivers/STM32F3xx_HAL_Driver/Src/stm32f3xx_hal_tim.o
                0x0000000008006326                HAL_TIM_IC_ConfigChannel
 *fill*         0x000000000800645e        0x2 
 .text.HAL_TIM_PWM_ConfigChannel
                0x0000000008006460      0x228 ./Drivers/STM32F3xx_HAL_Driver/Src/stm32f3xx_hal_tim.o
                0x0000000008006460                HAL_TIM_PWM_ConfigChannel
 .text.HAL_TIM_ConfigClockSource
                0x0000000008006688      0x192 ./Drivers/STM32F3xx_HAL_Driver/Src/stm32f3xx_hal_tim.o
                0x0000000008006688                HAL_TIM_ConfigClockSource
 .text.HAL_TIM_PeriodElapsedCallback
                0x000000000800681a       0x14 ./Drivers/STM32F3xx_HAL_Driver/Src/stm32f3xx_hal_tim.o
                0x000000000800681a                HAL_TIM_PeriodElapsedCallback
 .text.HAL_TIM_OC_DelayElapsedCallback
                0x000000000800682e       0x14 ./Drivers/STM32F3xx_HAL_Driver/Src/stm32f3xx_hal_tim.o
                0x000000000800682e                HAL_TIM_OC_DelayElapsedCallback
 .text.HAL_TIM_IC_CaptureCallback
                0x0000000008006842       0x14 ./Drivers/STM32F3xx_HAL_Driver/Src/stm32f3xx_hal_tim.o
                0x0000000008006842                HAL_TIM_IC_CaptureCallback
 .text.HAL_TIM_PWM_PulseFinishedCallback
                0x0000000008006856       0x14 ./Drivers/STM32F3xx_HAL_Driver/Src/stm32f3xx_hal_tim.o
                0x0000000008006856                HAL_TIM_PWM_PulseFinishedCallback
 .text.HAL_TIM_TriggerCallback
                0x000000000800686a       0x14 ./Drivers/STM32F3xx_HAL_Driver/Src/stm32f3xx_hal_tim.o
                0x000000000800686a                HAL_TIM_TriggerCallback
 *fill*         0x000000000800687e        0x2 
 .text.TIM_Base_SetConfig
                0x0000000008006880      0x120 ./Drivers/STM32F3xx_HAL_Driver/Src/stm32f3xx_hal_tim.o
                0x0000000008006880                TIM_Base_SetConfig
 .text.TIM_OC1_SetConfig
                0x00000000080069a0      0x120 ./Drivers/STM32F3xx_HAL_Driver/Src/stm32f3xx_hal_tim.o
 .text.TIM_OC2_SetConfig
                0x0000000008006ac0      0x114 ./Drivers/STM32F3xx_HAL_Driver/Src/stm32f3xx_hal_tim.o
                0x0000000008006ac0                TIM_OC2_SetConfig
 .text.TIM_OC3_SetConfig
                0x0000000008006bd4      0x110 ./Drivers/STM32F3xx_HAL_Driver/Src/stm32f3xx_hal_tim.o
 .text.TIM_OC4_SetConfig
                0x0000000008006ce4       0xd4 ./Drivers/STM32F3xx_HAL_Driver/Src/stm32f3xx_hal_tim.o
 .text.TIM_OC5_SetConfig
                0x0000000008006db8       0xc8 ./Drivers/STM32F3xx_HAL_Driver/Src/stm32f3xx_hal_tim.o
 .text.TIM_OC6_SetConfig
                0x0000000008006e80       0xcc ./Drivers/STM32F3xx_HAL_Driver/Src/stm32f3xx_hal_tim.o
 .text.TIM_TI1_SetConfig
                0x0000000008006f4c       0xd0 ./Drivers/STM32F3xx_HAL_Driver/Src/stm32f3xx_hal_tim.o
                0x0000000008006f4c                TIM_TI1_SetConfig
 .text.TIM_TI1_ConfigInputStage
                0x000000000800701c       0x5e ./Drivers/STM32F3xx_HAL_Driver/Src/stm32f3xx_hal_tim.o
 .text.TIM_TI2_SetConfig
                0x000000000800707a       0x7a ./Drivers/STM32F3xx_HAL_Driver/Src/stm32f3xx_hal_tim.o
 .text.TIM_TI2_ConfigInputStage
                0x00000000080070f4       0x60 ./Drivers/STM32F3xx_HAL_Driver/Src/stm32f3xx_hal_tim.o
 .text.TIM_TI3_SetConfig
                0x0000000008007154       0x78 ./Drivers/STM32F3xx_HAL_Driver/Src/stm32f3xx_hal_tim.o
 .text.TIM_TI4_SetConfig
                0x00000000080071cc       0x7a ./Drivers/STM32F3xx_HAL_Driver/Src/stm32f3xx_hal_tim.o
 .text.TIM_ITRx_SetConfig
                0x0000000008007246       0x36 ./Drivers/STM32F3xx_HAL_Driver/Src/stm32f3xx_hal_tim.o
 .text.TIM_ETR_SetConfig
                0x000000000800727c       0x40 ./Drivers/STM32F3xx_HAL_Driver/Src/stm32f3xx_hal_tim.o
                0x000000000800727c                TIM_ETR_SetConfig
 .text.TIM_CCxChannelCmd
                0x00000000080072bc       0x4a ./Drivers/STM32F3xx_HAL_Driver/Src/stm32f3xx_hal_tim.o
                0x00000000080072bc                TIM_CCxChannelCmd
 *fill*         0x0000000008007306        0x2 
 .text.HAL_TIMEx_MasterConfigSynchronization
                0x0000000008007308      0x100 ./Drivers/STM32F3xx_HAL_Driver/Src/stm32f3xx_hal_tim_ex.o
                0x0000000008007308                HAL_TIMEx_MasterConfigSynchronization
 .text.HAL_TIMEx_CommutCallback
                0x0000000008007408       0x14 ./Drivers/STM32F3xx_HAL_Driver/Src/stm32f3xx_hal_tim_ex.o
                0x0000000008007408                HAL_TIMEx_CommutCallback
 .text.HAL_TIMEx_BreakCallback
                0x000000000800741c       0x14 ./Drivers/STM32F3xx_HAL_Driver/Src/stm32f3xx_hal_tim_ex.o
                0x000000000800741c                HAL_TIMEx_BreakCallback
 .text.HAL_TIMEx_Break2Callback
                0x0000000008007430       0x14 ./Drivers/STM32F3xx_HAL_Driver/Src/stm32f3xx_hal_tim_ex.o
                0x0000000008007430                HAL_TIMEx_Break2Callback
 .text.HAL_UART_Init
                0x0000000008007444       0x9c ./Drivers/STM32F3xx_HAL_Driver/Src/stm32f3xx_hal_uart.o
                0x0000000008007444                HAL_UART_Init
 .text.HAL_UART_Transmit
                0x00000000080074e0      0x114 ./Drivers/STM32F3xx_HAL_Driver/Src/stm32f3xx_hal_uart.o
                0x00000000080074e0                HAL_UART_Transmit
 .text.UART_SetConfig
                0x00000000080075f4      0x3a8 ./Drivers/STM32F3xx_HAL_Driver/Src/stm32f3xx_hal_uart.o
                0x00000000080075f4                UART_SetConfig
 .text.UART_AdvFeatureConfig
                0x000000000800799c      0x144 ./Drivers/STM32F3xx_HAL_Driver/Src/stm32f3xx_hal_uart.o
                0x000000000800799c                UART_AdvFeatureConfig
 .text.UART_CheckIdleState
                0x0000000008007ae0      0x150 ./Drivers/STM32F3xx_HAL_Driver/Src/stm32f3xx_hal_uart.o
                0x0000000008007ae0                UART_CheckIdleState
 .text.UART_WaitOnFlagUntilTimeout
                0x0000000008007c30       0xce ./Drivers/STM32F3xx_HAL_Driver/Src/stm32f3xx_hal_uart.o
                0x0000000008007c30                UART_WaitOnFlagUntilTimeout
 .text.UART_EndRxTransfer
                0x0000000008007cfe       0xc8 ./Drivers/STM32F3xx_HAL_Driver/Src/stm32f3xx_hal_uart.o
 .text.USB_DisableGlobalInt
                0x0000000008007dc6       0x36 ./Drivers/STM32F3xx_HAL_Driver/Src/stm32f3xx_ll_usb.o
                0x0000000008007dc6                USB_DisableGlobalInt
 .text.USB_DevInit
                0x0000000008007dfc       0x42 ./Drivers/STM32F3xx_HAL_Driver/Src/stm32f3xx_ll_usb.o
                0x0000000008007dfc                USB_DevInit
 *fill*         0x0000000008007e3e        0x2 
 .text.__libc_init_array
                0x0000000008007e40       0x48 /Applications/STM32CubeIDE.app/Contents/Eclipse/plugins/com.st.stm32cube.ide.mcu.externaltools.gnu-tools-for-stm32.10.3-2021.10.macos64_1.0.200.202301161003/tools/bin/../lib/gcc/arm-none-eabi/10.3.1/../../../../arm-none-eabi/lib/thumb/v7e-m+fp/hard/libc_nano.a(lib_a-init.o)
                0x0000000008007e40                __libc_init_array
 .text.memset   0x0000000008007e88       0x10 /Applications/STM32CubeIDE.app/Contents/Eclipse/plugins/com.st.stm32cube.ide.mcu.externaltools.gnu-tools-for-stm32.10.3-2021.10.macos64_1.0.200.202301161003/tools/bin/../lib/gcc/arm-none-eabi/10.3.1/../../../../arm-none-eabi/lib/thumb/v7e-m+fp/hard/libc_nano.a(lib_a-memset.o)
                0x0000000008007e88                memset
 *(.glue_7)
 .glue_7        0x0000000008007e98        0x0 linker stubs
 *(.glue_7t)
 .glue_7t       0x0000000008007e98        0x0 linker stubs
 *(.eh_frame)
 .eh_frame      0x0000000008007e98        0x0 /Applications/STM32CubeIDE.app/Contents/Eclipse/plugins/com.st.stm32cube.ide.mcu.externaltools.gnu-tools-for-stm32.10.3-2021.10.macos64_1.0.200.202301161003/tools/bin/../lib/gcc/arm-none-eabi/10.3.1/thumb/v7e-m+fp/hard/crtbegin.o
 *(.init)
 .init          0x0000000008007e98        0x4 /Applications/STM32CubeIDE.app/Contents/Eclipse/plugins/com.st.stm32cube.ide.mcu.externaltools.gnu-tools-for-stm32.10.3-2021.10.macos64_1.0.200.202301161003/tools/bin/../lib/gcc/arm-none-eabi/10.3.1/thumb/v7e-m+fp/hard/crti.o
                0x0000000008007e98                _init
 .init          0x0000000008007e9c        0x8 /Applications/STM32CubeIDE.app/Contents/Eclipse/plugins/com.st.stm32cube.ide.mcu.externaltools.gnu-tools-for-stm32.10.3-2021.10.macos64_1.0.200.202301161003/tools/bin/../lib/gcc/arm-none-eabi/10.3.1/thumb/v7e-m+fp/hard/crtn.o
 *(.fini)
 .fini          0x0000000008007ea4        0x4 /Applications/STM32CubeIDE.app/Contents/Eclipse/plugins/com.st.stm32cube.ide.mcu.externaltools.gnu-tools-for-stm32.10.3-2021.10.macos64_1.0.200.202301161003/tools/bin/../lib/gcc/arm-none-eabi/10.3.1/thumb/v7e-m+fp/hard/crti.o
                0x0000000008007ea4                _fini
 .fini          0x0000000008007ea8        0x8 /Applications/STM32CubeIDE.app/Contents/Eclipse/plugins/com.st.stm32cube.ide.mcu.externaltools.gnu-tools-for-stm32.10.3-2021.10.macos64_1.0.200.202301161003/tools/bin/../lib/gcc/arm-none-eabi/10.3.1/thumb/v7e-m+fp/hard/crtn.o
                0x0000000008007eb0                . = ALIGN (0x4)
                0x0000000008007eb0                _etext = .

.vfp11_veneer   0x0000000008007eb0        0x0
 .vfp11_veneer  0x0000000008007eb0        0x0 linker stubs

.v4_bx          0x0000000008007eb0        0x0
 .v4_bx         0x0000000008007eb0        0x0 linker stubs

.iplt           0x0000000008007eb0        0x0
 .iplt          0x0000000008007eb0        0x0 /Applications/STM32CubeIDE.app/Contents/Eclipse/plugins/com.st.stm32cube.ide.mcu.externaltools.gnu-tools-for-stm32.10.3-2021.10.macos64_1.0.200.202301161003/tools/bin/../lib/gcc/arm-none-eabi/10.3.1/thumb/v7e-m+fp/hard/crtbegin.o

.rodata         0x0000000008007eb0       0x44
                0x0000000008007eb0                . = ALIGN (0x4)
 *(.rodata)
 .rodata        0x0000000008007eb0        0x8 ./Core/Src/ptu_i2c.o
 .rodata        0x0000000008007eb8        0x2 ./Core/Src/safecracker.o
 *(.rodata*)
 *fill*         0x0000000008007eba        0x2 
 .rodata.AHBPrescTable
                0x0000000008007ebc       0x10 ./Core/Src/system_stm32f3xx.o
                0x0000000008007ebc                AHBPrescTable
 .rodata.APBPrescTable
                0x0000000008007ecc        0x8 ./Core/Src/system_stm32f3xx.o
                0x0000000008007ecc                APBPrescTable
 .rodata.aPLLMULFactorTable
                0x0000000008007ed4       0x10 ./Drivers/STM32F3xx_HAL_Driver/Src/stm32f3xx_hal_rcc.o
 .rodata.aPredivFactorTable
                0x0000000008007ee4       0x10 ./Drivers/STM32F3xx_HAL_Driver/Src/stm32f3xx_hal_rcc.o
                0x0000000008007ef4                . = ALIGN (0x4)

.rel.dyn        0x0000000008007ef4        0x0
 .rel.iplt      0x0000000008007ef4        0x0 /Applications/STM32CubeIDE.app/Contents/Eclipse/plugins/com.st.stm32cube.ide.mcu.externaltools.gnu-tools-for-stm32.10.3-2021.10.macos64_1.0.200.202301161003/tools/bin/../lib/gcc/arm-none-eabi/10.3.1/thumb/v7e-m+fp/hard/crtbegin.o

.ARM.extab      0x0000000008007ef4        0x0
                0x0000000008007ef4                . = ALIGN (0x4)
 *(.ARM.extab* .gnu.linkonce.armextab.*)
                0x0000000008007ef4                . = ALIGN (0x4)

.ARM            0x0000000008007ef4        0x0
                0x0000000008007ef4                . = ALIGN (0x4)
                0x0000000008007ef4                __exidx_start = .
 *(.ARM.exidx*)
                0x0000000008007ef4                __exidx_end = .
                0x0000000008007ef4                . = ALIGN (0x4)

.preinit_array  0x0000000008007ef4        0x0
                0x0000000008007ef4                . = ALIGN (0x4)
                0x0000000008007ef4                PROVIDE (__preinit_array_start = .)
 *(.preinit_array*)
                0x0000000008007ef4                PROVIDE (__preinit_array_end = .)
                0x0000000008007ef4                . = ALIGN (0x4)

.init_array     0x0000000008007ef4        0x4
                0x0000000008007ef4                . = ALIGN (0x4)
                0x0000000008007ef4                PROVIDE (__init_array_start = .)
 *(SORT_BY_NAME(.init_array.*))
 *(.init_array*)
 .init_array    0x0000000008007ef4        0x4 /Applications/STM32CubeIDE.app/Contents/Eclipse/plugins/com.st.stm32cube.ide.mcu.externaltools.gnu-tools-for-stm32.10.3-2021.10.macos64_1.0.200.202301161003/tools/bin/../lib/gcc/arm-none-eabi/10.3.1/thumb/v7e-m+fp/hard/crtbegin.o
                0x0000000008007ef8                PROVIDE (__init_array_end = .)
                0x0000000008007ef8                . = ALIGN (0x4)

.fini_array     0x0000000008007ef8        0x4
                0x0000000008007ef8                . = ALIGN (0x4)
                [!provide]                        PROVIDE (__fini_array_start = .)
 *(SORT_BY_NAME(.fini_array.*))
 *(.fini_array*)
 .fini_array    0x0000000008007ef8        0x4 /Applications/STM32CubeIDE.app/Contents/Eclipse/plugins/com.st.stm32cube.ide.mcu.externaltools.gnu-tools-for-stm32.10.3-2021.10.macos64_1.0.200.202301161003/tools/bin/../lib/gcc/arm-none-eabi/10.3.1/thumb/v7e-m+fp/hard/crtbegin.o
                [!provide]                        PROVIDE (__fini_array_end = .)
                0x0000000008007efc                . = ALIGN (0x4)
                0x0000000008007efc                _sidata = LOADADDR (.data)

.data           0x0000000020000000        0xc load address 0x0000000008007efc
                0x0000000020000000                . = ALIGN (0x4)
                0x0000000020000000                _sdata = .
 *(.data)
 *(.data*)
 .data.SystemCoreClock
                0x0000000020000000        0x4 ./Core/Src/system_stm32f3xx.o
                0x0000000020000000                SystemCoreClock
 .data.uwTickPrio
                0x0000000020000004        0x4 ./Drivers/STM32F3xx_HAL_Driver/Src/stm32f3xx_hal.o
                0x0000000020000004                uwTickPrio
 .data.uwTickFreq
                0x0000000020000008        0x1 ./Drivers/STM32F3xx_HAL_Driver/Src/stm32f3xx_hal.o
                0x0000000020000008                uwTickFreq
 *(.RamFunc)
 *(.RamFunc*)
                0x000000002000000c                . = ALIGN (0x4)
 *fill*         0x0000000020000009        0x3 
                0x000000002000000c                _edata = .
                0x0000000008007f08                _siccmram = LOADADDR (.ccmram)

.igot.plt       0x000000002000000c        0x0 load address 0x0000000008007f08
 .igot.plt      0x000000002000000c        0x0 /Applications/STM32CubeIDE.app/Contents/Eclipse/plugins/com.st.stm32cube.ide.mcu.externaltools.gnu-tools-for-stm32.10.3-2021.10.macos64_1.0.200.202301161003/tools/bin/../lib/gcc/arm-none-eabi/10.3.1/thumb/v7e-m+fp/hard/crtbegin.o

.ccmram         0x0000000010000000        0x0 load address 0x0000000008007f08
                0x0000000010000000                . = ALIGN (0x4)
                0x0000000010000000                _sccmram = .
 *(.ccmram)
 *(.ccmram*)
                0x0000000010000000                . = ALIGN (0x4)
                0x0000000010000000                _eccmram = .
                0x0000000010000000                . = ALIGN (0x4)

.bss            0x000000002000000c      0x534
                0x000000002000000c                _sbss = .
                0x000000002000000c                __bss_start__ = _sbss
 *(.bss)
 .bss           0x000000002000000c       0x1c /Applications/STM32CubeIDE.app/Contents/Eclipse/plugins/com.st.stm32cube.ide.mcu.externaltools.gnu-tools-for-stm32.10.3-2021.10.macos64_1.0.200.202301161003/tools/bin/../lib/gcc/arm-none-eabi/10.3.1/thumb/v7e-m+fp/hard/crtbegin.o
 *(.bss*)
 .bss.hadc1     0x0000000020000028       0x50 ./Core/Src/adc.o
                0x0000000020000028                hadc1
 .bss.hi2c1     0x0000000020000078       0x54 ./Core/Src/i2c.o
                0x0000000020000078                hi2c1
 .bss.hspi1     0x00000000200000cc       0x64 ./Core/Src/spi.o
                0x00000000200000cc                hspi1
 .bss.htim1     0x0000000020000130       0x4c ./Core/Src/tim.o
                0x0000000020000130                htim1
 .bss.htim2     0x000000002000017c       0x4c ./Core/Src/tim.o
                0x000000002000017c                htim2
 .bss.huart1    0x00000000200001c8       0x88 ./Core/Src/usart.o
                0x00000000200001c8                huart1
 .bss.hpcd_USB_FS
                0x0000000020000250      0x2ec ./Core/Src/usb.o
                0x0000000020000250                hpcd_USB_FS
 .bss.uwTick    0x000000002000053c        0x4 ./Drivers/STM32F3xx_HAL_Driver/Src/stm32f3xx_hal.o
                0x000000002000053c                uwTick
 *(COMMON)
                0x0000000020000540                . = ALIGN (0x4)
                0x0000000020000540                _ebss = .
                0x0000000020000540                __bss_end__ = _ebss

._user_heap_stack
                0x0000000020000540      0x600
                0x0000000020000540                . = ALIGN (0x8)
                [!provide]                        PROVIDE (end = .)
                0x0000000020000540                PROVIDE (_end = .)
                0x0000000020000740                . = (. + _Min_Heap_Size)
 *fill*         0x0000000020000540      0x200 
                0x0000000020000b40                . = (. + _Min_Stack_Size)
 *fill*         0x0000000020000740      0x400 
                0x0000000020000b40                . = ALIGN (0x8)

/DISCARD/
 libc.a(*)
 libm.a(*)
 libgcc.a(*)

.ARM.attributes
                0x0000000000000000       0x30
 *(.ARM.attributes)
 .ARM.attributes
                0x0000000000000000       0x1e /Applications/STM32CubeIDE.app/Contents/Eclipse/plugins/com.st.stm32cube.ide.mcu.externaltools.gnu-tools-for-stm32.10.3-2021.10.macos64_1.0.200.202301161003/tools/bin/../lib/gcc/arm-none-eabi/10.3.1/thumb/v7e-m+fp/hard/crti.o
 .ARM.attributes
                0x000000000000001e       0x34 /Applications/STM32CubeIDE.app/Contents/Eclipse/plugins/com.st.stm32cube.ide.mcu.externaltools.gnu-tools-for-stm32.10.3-2021.10.macos64_1.0.200.202301161003/tools/bin/../lib/gcc/arm-none-eabi/10.3.1/thumb/v7e-m+fp/hard/crtbegin.o
 .ARM.attributes
                0x0000000000000052       0x34 ./Core/Src/adc.o
 .ARM.attributes
                0x0000000000000086       0x34 ./Core/Src/gpio.o
 .ARM.attributes
                0x00000000000000ba       0x34 ./Core/Src/i2c.o
 .ARM.attributes
                0x00000000000000ee       0x34 ./Core/Src/main.o
 .ARM.attributes
                0x0000000000000122       0x34 ./Core/Src/motor.o
 .ARM.attributes
                0x0000000000000156       0x34 ./Core/Src/peripherals.o
 .ARM.attributes
                0x000000000000018a       0x34 ./Core/Src/ptu_i2c.o
 .ARM.attributes
                0x00000000000001be       0x34 ./Core/Src/safecracker.o
 .ARM.attributes
                0x00000000000001f2       0x34 ./Core/Src/spi.o
 .ARM.attributes
                0x0000000000000226       0x34 ./Core/Src/stm32f3xx_hal_msp.o
 .ARM.attributes
                0x000000000000025a       0x34 ./Core/Src/stm32f3xx_it.o
 .ARM.attributes
                0x000000000000028e       0x34 ./Core/Src/sysclock_config.o
 .ARM.attributes
                0x00000000000002c2       0x34 ./Core/Src/system_stm32f3xx.o
 .ARM.attributes
                0x00000000000002f6       0x34 ./Core/Src/tim.o
 .ARM.attributes
                0x000000000000032a       0x34 ./Core/Src/usart.o
 .ARM.attributes
                0x000000000000035e       0x34 ./Core/Src/usb.o
 .ARM.attributes
                0x0000000000000392       0x21 ./Core/Startup/startup_stm32f303vctx.o
 .ARM.attributes
                0x00000000000003b3       0x34 ./Drivers/STM32F3xx_HAL_Driver/Src/stm32f3xx_hal.o
 .ARM.attributes
                0x00000000000003e7       0x34 ./Drivers/STM32F3xx_HAL_Driver/Src/stm32f3xx_hal_adc_ex.o
 .ARM.attributes
                0x000000000000041b       0x34 ./Drivers/STM32F3xx_HAL_Driver/Src/stm32f3xx_hal_cortex.o
 .ARM.attributes
                0x000000000000044f       0x34 ./Drivers/STM32F3xx_HAL_Driver/Src/stm32f3xx_hal_gpio.o
 .ARM.attributes
                0x0000000000000483       0x34 ./Drivers/STM32F3xx_HAL_Driver/Src/stm32f3xx_hal_i2c.o
 .ARM.attributes
                0x00000000000004b7       0x34 ./Drivers/STM32F3xx_HAL_Driver/Src/stm32f3xx_hal_i2c_ex.o
 .ARM.attributes
                0x00000000000004eb       0x34 ./Drivers/STM32F3xx_HAL_Driver/Src/stm32f3xx_hal_pcd.o
 .ARM.attributes
                0x000000000000051f       0x34 ./Drivers/STM32F3xx_HAL_Driver/Src/stm32f3xx_hal_rcc.o
 .ARM.attributes
                0x0000000000000553       0x34 ./Drivers/STM32F3xx_HAL_Driver/Src/stm32f3xx_hal_rcc_ex.o
 .ARM.attributes
                0x0000000000000587       0x34 ./Drivers/STM32F3xx_HAL_Driver/Src/stm32f3xx_hal_spi.o
 .ARM.attributes
                0x00000000000005bb       0x34 ./Drivers/STM32F3xx_HAL_Driver/Src/stm32f3xx_hal_tim.o
 .ARM.attributes
                0x00000000000005ef       0x34 ./Drivers/STM32F3xx_HAL_Driver/Src/stm32f3xx_hal_tim_ex.o
 .ARM.attributes
                0x0000000000000623       0x34 ./Drivers/STM32F3xx_HAL_Driver/Src/stm32f3xx_hal_uart.o
 .ARM.attributes
                0x0000000000000657       0x34 ./Drivers/STM32F3xx_HAL_Driver/Src/stm32f3xx_ll_usb.o
 .ARM.attributes
                0x000000000000068b       0x34 /Applications/STM32CubeIDE.app/Contents/Eclipse/plugins/com.st.stm32cube.ide.mcu.externaltools.gnu-tools-for-stm32.10.3-2021.10.macos64_1.0.200.202301161003/tools/bin/../lib/gcc/arm-none-eabi/10.3.1/../../../../arm-none-eabi/lib/thumb/v7e-m+fp/hard/libc_nano.a(lib_a-init.o)
 .ARM.attributes
                0x00000000000006bf       0x34 /Applications/STM32CubeIDE.app/Contents/Eclipse/plugins/com.st.stm32cube.ide.mcu.externaltools.gnu-tools-for-stm32.10.3-2021.10.macos64_1.0.200.202301161003/tools/bin/../lib/gcc/arm-none-eabi/10.3.1/../../../../arm-none-eabi/lib/thumb/v7e-m+fp/hard/libc_nano.a(lib_a-memset.o)
 .ARM.attributes
                0x00000000000006f3       0x1e /Applications/STM32CubeIDE.app/Contents/Eclipse/plugins/com.st.stm32cube.ide.mcu.externaltools.gnu-tools-for-stm32.10.3-2021.10.macos64_1.0.200.202301161003/tools/bin/../lib/gcc/arm-none-eabi/10.3.1/thumb/v7e-m+fp/hard/libgcc.a(_arm_addsubdf3.o)
 .ARM.attributes
                0x0000000000000711       0x1e /Applications/STM32CubeIDE.app/Contents/Eclipse/plugins/com.st.stm32cube.ide.mcu.externaltools.gnu-tools-for-stm32.10.3-2021.10.macos64_1.0.200.202301161003/tools/bin/../lib/gcc/arm-none-eabi/10.3.1/thumb/v7e-m+fp/hard/libgcc.a(_arm_muldivdf3.o)
 .ARM.attributes
                0x000000000000072f       0x1e /Applications/STM32CubeIDE.app/Contents/Eclipse/plugins/com.st.stm32cube.ide.mcu.externaltools.gnu-tools-for-stm32.10.3-2021.10.macos64_1.0.200.202301161003/tools/bin/../lib/gcc/arm-none-eabi/10.3.1/thumb/v7e-m+fp/hard/libgcc.a(_arm_fixunsdfsi.o)
 .ARM.attributes
                0x000000000000074d       0x1e /Applications/STM32CubeIDE.app/Contents/Eclipse/plugins/com.st.stm32cube.ide.mcu.externaltools.gnu-tools-for-stm32.10.3-2021.10.macos64_1.0.200.202301161003/tools/bin/../lib/gcc/arm-none-eabi/10.3.1/thumb/v7e-m+fp/hard/crtn.o
OUTPUT(E1_LOCK_POT.elf elf32-littlearm)
LOAD linker stubs
LOAD /Applications/STM32CubeIDE.app/Contents/Eclipse/plugins/com.st.stm32cube.ide.mcu.externaltools.gnu-tools-for-stm32.10.3-2021.10.macos64_1.0.200.202301161003/tools/bin/../lib/gcc/arm-none-eabi/10.3.1/../../../../arm-none-eabi/lib/thumb/v7e-m+fp/hard/libc.a
LOAD /Applications/STM32CubeIDE.app/Contents/Eclipse/plugins/com.st.stm32cube.ide.mcu.externaltools.gnu-tools-for-stm32.10.3-2021.10.macos64_1.0.200.202301161003/tools/bin/../lib/gcc/arm-none-eabi/10.3.1/../../../../arm-none-eabi/lib/thumb/v7e-m+fp/hard/libm.a
LOAD /Applications/STM32CubeIDE.app/Contents/Eclipse/plugins/com.st.stm32cube.ide.mcu.externaltools.gnu-tools-for-stm32.10.3-2021.10.macos64_1.0.200.202301161003/tools/bin/../lib/gcc/arm-none-eabi/10.3.1/thumb/v7e-m+fp/hard/libgcc.a

.debug_info     0x0000000000000000    0x1b31f
 .debug_info    0x0000000000000000      0xb5a ./Core/Src/adc.o
 .debug_info    0x0000000000000b5a      0x3b5 ./Core/Src/gpio.o
 .debug_info    0x0000000000000f0f      0x964 ./Core/Src/i2c.o
 .debug_info    0x0000000000001873       0xbe ./Core/Src/main.o
 .debug_info    0x0000000000001931      0x261 ./Core/Src/motor.o
 .debug_info    0x0000000000001b92      0xaa3 ./Core/Src/peripherals.o
 .debug_info    0x0000000000002635      0x895 ./Core/Src/ptu_i2c.o
 .debug_info    0x0000000000002eca      0x98c ./Core/Src/safecracker.o
 .debug_info    0x0000000000003856      0x8ec ./Core/Src/spi.o
 .debug_info    0x0000000000004142      0x1d2 ./Core/Src/stm32f3xx_hal_msp.o
 .debug_info    0x0000000000004314      0x768 ./Core/Src/stm32f3xx_it.o
 .debug_info    0x0000000000004a7c      0x3b8 ./Core/Src/sysclock_config.o
 .debug_info    0x0000000000004e34      0x416 ./Core/Src/system_stm32f3xx.o
 .debug_info    0x000000000000524a      0xf2c ./Core/Src/tim.o
 .debug_info    0x0000000000006176      0x9a0 ./Core/Src/usart.o
 .debug_info    0x0000000000006b16      0x8c0 ./Core/Src/usb.o
 .debug_info    0x00000000000073d6       0x22 ./Core/Startup/startup_stm32f303vctx.o
 .debug_info    0x00000000000073f8      0x807 ./Drivers/STM32F3xx_HAL_Driver/Src/stm32f3xx_hal.o
 .debug_info    0x0000000000007bff     0x16d2 ./Drivers/STM32F3xx_HAL_Driver/Src/stm32f3xx_hal_adc_ex.o
 .debug_info    0x00000000000092d1      0xd85 ./Drivers/STM32F3xx_HAL_Driver/Src/stm32f3xx_hal_cortex.o
 .debug_info    0x000000000000a056      0x68a ./Drivers/STM32F3xx_HAL_Driver/Src/stm32f3xx_hal_gpio.o
 .debug_info    0x000000000000a6e0     0x226b ./Drivers/STM32F3xx_HAL_Driver/Src/stm32f3xx_hal_i2c.o
 .debug_info    0x000000000000c94b      0x8ab ./Drivers/STM32F3xx_HAL_Driver/Src/stm32f3xx_hal_i2c_ex.o
 .debug_info    0x000000000000d1f6     0x1784 ./Drivers/STM32F3xx_HAL_Driver/Src/stm32f3xx_hal_pcd.o
 .debug_info    0x000000000000e97a     0x1585 ./Drivers/STM32F3xx_HAL_Driver/Src/stm32f3xx_hal_rcc.o
 .debug_info    0x000000000000feff      0x628 ./Drivers/STM32F3xx_HAL_Driver/Src/stm32f3xx_hal_rcc_ex.o
 .debug_info    0x0000000000010527     0x178c ./Drivers/STM32F3xx_HAL_Driver/Src/stm32f3xx_hal_spi.o
 .debug_info    0x0000000000011cb3     0x2cdb ./Drivers/STM32F3xx_HAL_Driver/Src/stm32f3xx_hal_tim.o
 .debug_info    0x000000000001498e     0x16a8 ./Drivers/STM32F3xx_HAL_Driver/Src/stm32f3xx_hal_tim_ex.o
 .debug_info    0x0000000000016036     0x3bf8 ./Drivers/STM32F3xx_HAL_Driver/Src/stm32f3xx_hal_uart.o
 .debug_info    0x0000000000019c2e     0x16f1 ./Drivers/STM32F3xx_HAL_Driver/Src/stm32f3xx_ll_usb.o

.debug_abbrev   0x0000000000000000     0x3975
 .debug_abbrev  0x0000000000000000      0x213 ./Core/Src/adc.o
 .debug_abbrev  0x0000000000000213      0x146 ./Core/Src/gpio.o
 .debug_abbrev  0x0000000000000359      0x202 ./Core/Src/i2c.o
 .debug_abbrev  0x000000000000055b       0x61 ./Core/Src/main.o
 .debug_abbrev  0x00000000000005bc       0xb0 ./Core/Src/motor.o
 .debug_abbrev  0x000000000000066c      0x19f ./Core/Src/peripherals.o
 .debug_abbrev  0x000000000000080b      0x18b ./Core/Src/ptu_i2c.o
 .debug_abbrev  0x0000000000000996      0x200 ./Core/Src/safecracker.o
 .debug_abbrev  0x0000000000000b96      0x1e0 ./Core/Src/spi.o
 .debug_abbrev  0x0000000000000d76       0xde ./Core/Src/stm32f3xx_hal_msp.o
 .debug_abbrev  0x0000000000000e54      0x184 ./Core/Src/stm32f3xx_it.o
 .debug_abbrev  0x0000000000000fd8      0x14a ./Core/Src/sysclock_config.o
 .debug_abbrev  0x0000000000001122      0x116 ./Core/Src/system_stm32f3xx.o
 .debug_abbrev  0x0000000000001238      0x203 ./Core/Src/tim.o
 .debug_abbrev  0x000000000000143b      0x1e7 ./Core/Src/usart.o
 .debug_abbrev  0x0000000000001622      0x1e6 ./Core/Src/usb.o
 .debug_abbrev  0x0000000000001808       0x12 ./Core/Startup/startup_stm32f303vctx.o
 .debug_abbrev  0x000000000000181a      0x20e ./Drivers/STM32F3xx_HAL_Driver/Src/stm32f3xx_hal.o
 .debug_abbrev  0x0000000000001a28      0x27a ./Drivers/STM32F3xx_HAL_Driver/Src/stm32f3xx_hal_adc_ex.o
 .debug_abbrev  0x0000000000001ca2      0x316 ./Drivers/STM32F3xx_HAL_Driver/Src/stm32f3xx_hal_cortex.o
 .debug_abbrev  0x0000000000001fb8      0x1bb ./Drivers/STM32F3xx_HAL_Driver/Src/stm32f3xx_hal_gpio.o
 .debug_abbrev  0x0000000000002173      0x24a ./Drivers/STM32F3xx_HAL_Driver/Src/stm32f3xx_hal_i2c.o
 .debug_abbrev  0x00000000000023bd      0x1b0 ./Drivers/STM32F3xx_HAL_Driver/Src/stm32f3xx_hal_i2c_ex.o
 .debug_abbrev  0x000000000000256d      0x2c0 ./Drivers/STM32F3xx_HAL_Driver/Src/stm32f3xx_hal_pcd.o
 .debug_abbrev  0x000000000000282d      0x2f9 ./Drivers/STM32F3xx_HAL_Driver/Src/stm32f3xx_hal_rcc.o
 .debug_abbrev  0x0000000000002b26      0x240 ./Drivers/STM32F3xx_HAL_Driver/Src/stm32f3xx_hal_rcc_ex.o
 .debug_abbrev  0x0000000000002d66      0x254 ./Drivers/STM32F3xx_HAL_Driver/Src/stm32f3xx_hal_spi.o
 .debug_abbrev  0x0000000000002fba      0x264 ./Drivers/STM32F3xx_HAL_Driver/Src/stm32f3xx_hal_tim.o
 .debug_abbrev  0x000000000000321e      0x26c ./Drivers/STM32F3xx_HAL_Driver/Src/stm32f3xx_hal_tim_ex.o
 .debug_abbrev  0x000000000000348a      0x2bc ./Drivers/STM32F3xx_HAL_Driver/Src/stm32f3xx_hal_uart.o
 .debug_abbrev  0x0000000000003746      0x22f ./Drivers/STM32F3xx_HAL_Driver/Src/stm32f3xx_ll_usb.o

.debug_aranges  0x0000000000000000     0x15c8
 .debug_aranges
                0x0000000000000000       0x38 ./Core/Src/adc.o
 .debug_aranges
                0x0000000000000038       0x20 ./Core/Src/gpio.o
 .debug_aranges
                0x0000000000000058       0x30 ./Core/Src/i2c.o
 .debug_aranges
                0x0000000000000088       0x20 ./Core/Src/main.o
 .debug_aranges
                0x00000000000000a8       0x20 ./Core/Src/motor.o
 .debug_aranges
                0x00000000000000c8       0x20 ./Core/Src/peripherals.o
 .debug_aranges
                0x00000000000000e8       0x20 ./Core/Src/ptu_i2c.o
 .debug_aranges
                0x0000000000000108       0x28 ./Core/Src/safecracker.o
 .debug_aranges
                0x0000000000000130       0x30 ./Core/Src/spi.o
 .debug_aranges
                0x0000000000000160       0x20 ./Core/Src/stm32f3xx_hal_msp.o
 .debug_aranges
                0x0000000000000180       0x70 ./Core/Src/stm32f3xx_it.o
 .debug_aranges
                0x00000000000001f0       0x28 ./Core/Src/sysclock_config.o
 .debug_aranges
                0x0000000000000218       0x28 ./Core/Src/system_stm32f3xx.o
 .debug_aranges
                0x0000000000000240       0x50 ./Core/Src/tim.o
 .debug_aranges
                0x0000000000000290       0x30 ./Core/Src/usart.o
 .debug_aranges
                0x00000000000002c0       0x30 ./Core/Src/usb.o
 .debug_aranges
                0x00000000000002f0       0x28 ./Core/Startup/startup_stm32f303vctx.o
 .debug_aranges
                0x0000000000000318       0xe0 ./Drivers/STM32F3xx_HAL_Driver/Src/stm32f3xx_hal.o
 .debug_aranges
                0x00000000000003f8      0x168 ./Drivers/STM32F3xx_HAL_Driver/Src/stm32f3xx_hal_adc_ex.o
 .debug_aranges
                0x0000000000000560      0x118 ./Drivers/STM32F3xx_HAL_Driver/Src/stm32f3xx_hal_cortex.o
 .debug_aranges
                0x0000000000000678       0x58 ./Drivers/STM32F3xx_HAL_Driver/Src/stm32f3xx_hal_gpio.o
 .debug_aranges
                0x00000000000006d0      0x2a0 ./Drivers/STM32F3xx_HAL_Driver/Src/stm32f3xx_hal_i2c.o
 .debug_aranges
                0x0000000000000970       0x48 ./Drivers/STM32F3xx_HAL_Driver/Src/stm32f3xx_hal_i2c_ex.o
 .debug_aranges
                0x00000000000009b8      0x140 ./Drivers/STM32F3xx_HAL_Driver/Src/stm32f3xx_hal_pcd.o
 .debug_aranges
                0x0000000000000af8       0x88 ./Drivers/STM32F3xx_HAL_Driver/Src/stm32f3xx_hal_rcc.o
 .debug_aranges
                0x0000000000000b80       0x38 ./Drivers/STM32F3xx_HAL_Driver/Src/stm32f3xx_hal_rcc_ex.o
 .debug_aranges
                0x0000000000000bb8      0x1d8 ./Drivers/STM32F3xx_HAL_Driver/Src/stm32f3xx_hal_spi.o
 .debug_aranges
                0x0000000000000d90      0x3e0 ./Drivers/STM32F3xx_HAL_Driver/Src/stm32f3xx_hal_tim.o
 .debug_aranges
                0x0000000000001170      0x178 ./Drivers/STM32F3xx_HAL_Driver/Src/stm32f3xx_hal_tim_ex.o
 .debug_aranges
                0x00000000000012e8      0x228 ./Drivers/STM32F3xx_HAL_Driver/Src/stm32f3xx_hal_uart.o
 .debug_aranges
                0x0000000000001510       0xb8 ./Drivers/STM32F3xx_HAL_Driver/Src/stm32f3xx_ll_usb.o

.debug_ranges   0x0000000000000000     0x1410
 .debug_ranges  0x0000000000000000       0x28 ./Core/Src/adc.o
 .debug_ranges  0x0000000000000028       0x10 ./Core/Src/gpio.o
 .debug_ranges  0x0000000000000038       0x20 ./Core/Src/i2c.o
 .debug_ranges  0x0000000000000058       0x10 ./Core/Src/main.o
 .debug_ranges  0x0000000000000068       0x10 ./Core/Src/motor.o
 .debug_ranges  0x0000000000000078       0x10 ./Core/Src/peripherals.o
 .debug_ranges  0x0000000000000088       0x10 ./Core/Src/ptu_i2c.o
 .debug_ranges  0x0000000000000098       0x18 ./Core/Src/safecracker.o
 .debug_ranges  0x00000000000000b0       0x20 ./Core/Src/spi.o
 .debug_ranges  0x00000000000000d0       0x10 ./Core/Src/stm32f3xx_hal_msp.o
 .debug_ranges  0x00000000000000e0       0x60 ./Core/Src/stm32f3xx_it.o
 .debug_ranges  0x0000000000000140       0x18 ./Core/Src/sysclock_config.o
 .debug_ranges  0x0000000000000158       0x18 ./Core/Src/system_stm32f3xx.o
 .debug_ranges  0x0000000000000170       0x40 ./Core/Src/tim.o
 .debug_ranges  0x00000000000001b0       0x20 ./Core/Src/usart.o
 .debug_ranges  0x00000000000001d0       0x20 ./Core/Src/usb.o
 .debug_ranges  0x00000000000001f0       0x20 ./Core/Startup/startup_stm32f303vctx.o
 .debug_ranges  0x0000000000000210       0xd0 ./Drivers/STM32F3xx_HAL_Driver/Src/stm32f3xx_hal.o
 .debug_ranges  0x00000000000002e0      0x158 ./Drivers/STM32F3xx_HAL_Driver/Src/stm32f3xx_hal_adc_ex.o
 .debug_ranges  0x0000000000000438      0x108 ./Drivers/STM32F3xx_HAL_Driver/Src/stm32f3xx_hal_cortex.o
 .debug_ranges  0x0000000000000540       0x48 ./Drivers/STM32F3xx_HAL_Driver/Src/stm32f3xx_hal_gpio.o
 .debug_ranges  0x0000000000000588      0x290 ./Drivers/STM32F3xx_HAL_Driver/Src/stm32f3xx_hal_i2c.o
 .debug_ranges  0x0000000000000818       0x38 ./Drivers/STM32F3xx_HAL_Driver/Src/stm32f3xx_hal_i2c_ex.o
 .debug_ranges  0x0000000000000850      0x130 ./Drivers/STM32F3xx_HAL_Driver/Src/stm32f3xx_hal_pcd.o
 .debug_ranges  0x0000000000000980       0x78 ./Drivers/STM32F3xx_HAL_Driver/Src/stm32f3xx_hal_rcc.o
 .debug_ranges  0x00000000000009f8       0x28 ./Drivers/STM32F3xx_HAL_Driver/Src/stm32f3xx_hal_rcc_ex.o
 .debug_ranges  0x0000000000000a20      0x1c8 ./Drivers/STM32F3xx_HAL_Driver/Src/stm32f3xx_hal_spi.o
 .debug_ranges  0x0000000000000be8      0x3d0 ./Drivers/STM32F3xx_HAL_Driver/Src/stm32f3xx_hal_tim.o
 .debug_ranges  0x0000000000000fb8      0x168 ./Drivers/STM32F3xx_HAL_Driver/Src/stm32f3xx_hal_tim_ex.o
 .debug_ranges  0x0000000000001120      0x248 ./Drivers/STM32F3xx_HAL_Driver/Src/stm32f3xx_hal_uart.o
 .debug_ranges  0x0000000000001368       0xa8 ./Drivers/STM32F3xx_HAL_Driver/Src/stm32f3xx_ll_usb.o

.debug_macro    0x0000000000000000    0x23d2a
 .debug_macro   0x0000000000000000      0x4a1 ./Core/Src/adc.o
 .debug_macro   0x00000000000004a1      0xa78 ./Core/Src/adc.o
 .debug_macro   0x0000000000000f19      0x169 ./Core/Src/adc.o
 .debug_macro   0x0000000000001082       0x2e ./Core/Src/adc.o
 .debug_macro   0x00000000000010b0       0x28 ./Core/Src/adc.o
 .debug_macro   0x00000000000010d8       0x22 ./Core/Src/adc.o
 .debug_macro   0x00000000000010fa       0x8e ./Core/Src/adc.o
 .debug_macro   0x0000000000001188       0x51 ./Core/Src/adc.o
 .debug_macro   0x00000000000011d9      0x103 ./Core/Src/adc.o
 .debug_macro   0x00000000000012dc       0x6a ./Core/Src/adc.o
 .debug_macro   0x0000000000001346      0x1df ./Core/Src/adc.o
 .debug_macro   0x0000000000001525       0x1c ./Core/Src/adc.o
 .debug_macro   0x0000000000001541       0x22 ./Core/Src/adc.o
 .debug_macro   0x0000000000001563       0xd9 ./Core/Src/adc.o
 .debug_macro   0x000000000000163c     0x102d ./Core/Src/adc.o
 .debug_macro   0x0000000000002669      0x11f ./Core/Src/adc.o
 .debug_macro   0x0000000000002788    0x12a3a ./Core/Src/adc.o
 .debug_macro   0x00000000000151c2       0x6d ./Core/Src/adc.o
 .debug_macro   0x000000000001522f     0x3558 ./Core/Src/adc.o
 .debug_macro   0x0000000000018787      0x174 ./Core/Src/adc.o
 .debug_macro   0x00000000000188fb       0x55 ./Core/Src/adc.o
 .debug_macro   0x0000000000018950      0x961 ./Core/Src/adc.o
 .debug_macro   0x00000000000192b1      0x5fe ./Core/Src/adc.o
 .debug_macro   0x00000000000198af      0x1b5 ./Core/Src/adc.o
 .debug_macro   0x0000000000019a64      0x1fb ./Core/Src/adc.o
 .debug_macro   0x0000000000019c5f      0x1dc ./Core/Src/adc.o
 .debug_macro   0x0000000000019e3b      0x1bc ./Core/Src/adc.o
 .debug_macro   0x0000000000019ff7       0x30 ./Core/Src/adc.o
 .debug_macro   0x000000000001a027       0x3c ./Core/Src/adc.o
 .debug_macro   0x000000000001a063      0x235 ./Core/Src/adc.o
 .debug_macro   0x000000000001a298      0x9b1 ./Core/Src/adc.o
 .debug_macro   0x000000000001ac49       0x77 ./Core/Src/adc.o
 .debug_macro   0x000000000001acc0       0xc5 ./Core/Src/adc.o
 .debug_macro   0x000000000001ad85      0x21d ./Core/Src/adc.o
 .debug_macro   0x000000000001afa2      0x22c ./Core/Src/adc.o
 .debug_macro   0x000000000001b1ce       0x5b ./Core/Src/adc.o
 .debug_macro   0x000000000001b229       0xa5 ./Core/Src/adc.o
 .debug_macro   0x000000000001b2ce       0x73 ./Core/Src/adc.o
 .debug_macro   0x000000000001b341      0x242 ./Core/Src/adc.o
 .debug_macro   0x000000000001b583       0x81 ./Core/Src/adc.o
 .debug_macro   0x000000000001b604       0xd3 ./Core/Src/adc.o
 .debug_macro   0x000000000001b6d7      0x2fe ./Core/Src/adc.o
 .debug_macro   0x000000000001b9d5      0xa59 ./Core/Src/adc.o
 .debug_macro   0x000000000001c42e       0x89 ./Core/Src/adc.o
 .debug_macro   0x000000000001c4b7      0x5ba ./Core/Src/adc.o
 .debug_macro   0x000000000001ca71       0x3e ./Core/Src/adc.o
 .debug_macro   0x000000000001caaf      0x275 ./Core/Src/adc.o
 .debug_macro   0x000000000001cd24      0x142 ./Core/Src/adc.o
 .debug_macro   0x000000000001ce66       0x52 ./Core/Src/adc.o
 .debug_macro   0x000000000001ceb8       0x1e ./Core/Src/adc.o
 .debug_macro   0x000000000001ced6       0x3c ./Core/Src/adc.o
 .debug_macro   0x000000000001cf12       0x34 ./Core/Src/adc.o
 .debug_macro   0x000000000001cf46       0x16 ./Core/Src/adc.o
 .debug_macro   0x000000000001cf5c       0x43 ./Core/Src/adc.o
 .debug_macro   0x000000000001cf9f       0x34 ./Core/Src/adc.o
 .debug_macro   0x000000000001cfd3       0x10 ./Core/Src/adc.o
 .debug_macro   0x000000000001cfe3       0x58 ./Core/Src/adc.o
 .debug_macro   0x000000000001d03b       0x71 ./Core/Src/adc.o
 .debug_macro   0x000000000001d0ac       0x1c ./Core/Src/adc.o
 .debug_macro   0x000000000001d0c8      0x12a ./Core/Src/adc.o
 .debug_macro   0x000000000001d1f2      0x341 ./Core/Src/adc.o
 .debug_macro   0x000000000001d533       0x10 ./Core/Src/adc.o
 .debug_macro   0x000000000001d543       0x35 ./Core/Src/adc.o
 .debug_macro   0x000000000001d578       0x20 ./Core/Src/adc.o
 .debug_macro   0x000000000001d598       0x16 ./Core/Src/adc.o
 .debug_macro   0x000000000001d5ae       0x16 ./Core/Src/adc.o
 .debug_macro   0x000000000001d5c4       0x29 ./Core/Src/adc.o
 .debug_macro   0x000000000001d5ed       0x1c ./Core/Src/adc.o
 .debug_macro   0x000000000001d609       0x10 ./Core/Src/adc.o
 .debug_macro   0x000000000001d619       0x10 ./Core/Src/adc.o
 .debug_macro   0x000000000001d629       0x1c ./Core/Src/adc.o
 .debug_macro   0x000000000001d645       0x52 ./Core/Src/adc.o
 .debug_macro   0x000000000001d697       0x22 ./Core/Src/adc.o
 .debug_macro   0x000000000001d6b9       0x10 ./Core/Src/adc.o
 .debug_macro   0x000000000001d6c9       0x52 ./Core/Src/adc.o
 .debug_macro   0x000000000001d71b       0xd5 ./Core/Src/adc.o
 .debug_macro   0x000000000001d7f0       0x1c ./Core/Src/adc.o
 .debug_macro   0x000000000001d80c       0x3d ./Core/Src/adc.o
 .debug_macro   0x000000000001d849       0x16 ./Core/Src/adc.o
 .debug_macro   0x000000000001d85f      0x145 ./Core/Src/adc.o
 .debug_macro   0x000000000001d9a4      0x19b ./Core/Src/adc.o
 .debug_macro   0x000000000001db3f      0x1a6 ./Core/Src/adc.o
 .debug_macro   0x000000000001dce5      0x4a1 ./Core/Src/gpio.o
 .debug_macro   0x000000000001e186      0x4a1 ./Core/Src/i2c.o
 .debug_macro   0x000000000001e627      0x49d ./Core/Src/main.o
 .debug_macro   0x000000000001eac4      0x4a1 ./Core/Src/motor.o
 .debug_macro   0x000000000001ef65      0x4a1 ./Core/Src/peripherals.o
 .debug_macro   0x000000000001f406      0x23c ./Core/Src/ptu_i2c.o
 .debug_macro   0x000000000001f642      0x4a1 ./Core/Src/safecracker.o
 .debug_macro   0x000000000001fae3      0x4a1 ./Core/Src/spi.o
 .debug_macro   0x000000000001ff84      0x49d ./Core/Src/stm32f3xx_hal_msp.o
 .debug_macro   0x0000000000020421      0x4a7 ./Core/Src/stm32f3xx_it.o
 .debug_macro   0x00000000000208c8      0x4a1 ./Core/Src/sysclock_config.o
 .debug_macro   0x0000000000020d69      0x229 ./Core/Src/system_stm32f3xx.o
 .debug_macro   0x0000000000020f92      0x4a1 ./Core/Src/tim.o
 .debug_macro   0x0000000000021433      0x4a1 ./Core/Src/usart.o
 .debug_macro   0x00000000000218d4      0x4a1 ./Core/Src/usb.o
 .debug_macro   0x0000000000021d75      0x24d ./Drivers/STM32F3xx_HAL_Driver/Src/stm32f3xx_hal.o
 .debug_macro   0x0000000000021fc2      0x253 ./Drivers/STM32F3xx_HAL_Driver/Src/stm32f3xx_hal_adc_ex.o
 .debug_macro   0x0000000000022215      0x229 ./Drivers/STM32F3xx_HAL_Driver/Src/stm32f3xx_hal_cortex.o
 .debug_macro   0x000000000002243e      0x230 ./Drivers/STM32F3xx_HAL_Driver/Src/stm32f3xx_hal_gpio.o
 .debug_macro   0x000000000002266e      0x2f5 ./Drivers/STM32F3xx_HAL_Driver/Src/stm32f3xx_hal_i2c.o
 .debug_macro   0x0000000000022963      0x229 ./Drivers/STM32F3xx_HAL_Driver/Src/stm32f3xx_hal_i2c_ex.o
 .debug_macro   0x0000000000022b8c      0x235 ./Drivers/STM32F3xx_HAL_Driver/Src/stm32f3xx_hal_pcd.o
 .debug_macro   0x0000000000022dc1      0x24d ./Drivers/STM32F3xx_HAL_Driver/Src/stm32f3xx_hal_rcc.o
 .debug_macro   0x000000000002300e      0x229 ./Drivers/STM32F3xx_HAL_Driver/Src/stm32f3xx_hal_rcc_ex.o
 .debug_macro   0x0000000000023237      0x231 ./Drivers/STM32F3xx_HAL_Driver/Src/stm32f3xx_hal_spi.o
 .debug_macro   0x0000000000023468      0x22a ./Drivers/STM32F3xx_HAL_Driver/Src/stm32f3xx_hal_tim.o
 .debug_macro   0x0000000000023692      0x229 ./Drivers/STM32F3xx_HAL_Driver/Src/stm32f3xx_hal_tim_ex.o
 .debug_macro   0x00000000000238bb      0x246 ./Drivers/STM32F3xx_HAL_Driver/Src/stm32f3xx_hal_uart.o
 .debug_macro   0x0000000000023b01      0x229 ./Drivers/STM32F3xx_HAL_Driver/Src/stm32f3xx_ll_usb.o

.debug_line     0x0000000000000000    0x22c46
 .debug_line    0x0000000000000000      0xb7d ./Core/Src/adc.o
 .debug_line    0x0000000000000b7d      0xadb ./Core/Src/gpio.o
 .debug_line    0x0000000000001658      0xb34 ./Core/Src/i2c.o
 .debug_line    0x000000000000218c      0xab5 ./Core/Src/main.o
 .debug_line    0x0000000000002c41      0xacf ./Core/Src/motor.o
 .debug_line    0x0000000000003710      0xacd ./Core/Src/peripherals.o
 .debug_line    0x00000000000041dd      0x80b ./Core/Src/ptu_i2c.o
 .debug_line    0x00000000000049e8      0xbaf ./Core/Src/safecracker.o
 .debug_line    0x0000000000005597      0xb30 ./Core/Src/spi.o
 .debug_line    0x00000000000060c7      0xac1 ./Core/Src/stm32f3xx_hal_msp.o
 .debug_line    0x0000000000006b88      0xbb3 ./Core/Src/stm32f3xx_it.o
 .debug_line    0x000000000000773b      0xb38 ./Core/Src/sysclock_config.o
 .debug_line    0x0000000000008273      0x83a ./Core/Src/system_stm32f3xx.o
 .debug_line    0x0000000000008aad      0xc29 ./Core/Src/tim.o
 .debug_line    0x00000000000096d6      0xb25 ./Core/Src/usart.o
 .debug_line    0x000000000000a1fb      0xb17 ./Core/Src/usb.o
 .debug_line    0x000000000000ad12       0x88 ./Core/Startup/startup_stm32f303vctx.o
 .debug_line    0x000000000000ad9a      0xa6f ./Drivers/STM32F3xx_HAL_Driver/Src/stm32f3xx_hal.o
 .debug_line    0x000000000000b809     0x27fc ./Drivers/STM32F3xx_HAL_Driver/Src/stm32f3xx_hal_adc_ex.o
 .debug_line    0x000000000000e005      0xd34 ./Drivers/STM32F3xx_HAL_Driver/Src/stm32f3xx_hal_cortex.o
 .debug_line    0x000000000000ed39      0xbce ./Drivers/STM32F3xx_HAL_Driver/Src/stm32f3xx_hal_gpio.o
 .debug_line    0x000000000000f907     0x383e ./Drivers/STM32F3xx_HAL_Driver/Src/stm32f3xx_hal_i2c.o
 .debug_line    0x0000000000013145      0x9e1 ./Drivers/STM32F3xx_HAL_Driver/Src/stm32f3xx_hal_i2c_ex.o
 .debug_line    0x0000000000013b26     0x13b6 ./Drivers/STM32F3xx_HAL_Driver/Src/stm32f3xx_hal_pcd.o
 .debug_line    0x0000000000014edc     0x144c ./Drivers/STM32F3xx_HAL_Driver/Src/stm32f3xx_hal_rcc.o
 .debug_line    0x0000000000016328      0xdd8 ./Drivers/STM32F3xx_HAL_Driver/Src/stm32f3xx_hal_rcc_ex.o
 .debug_line    0x0000000000017100     0x202a ./Drivers/STM32F3xx_HAL_Driver/Src/stm32f3xx_hal_spi.o
 .debug_line    0x000000000001912a     0x3dd3 ./Drivers/STM32F3xx_HAL_Driver/Src/stm32f3xx_hal_tim.o
 .debug_line    0x000000000001cefd     0x1b56 ./Drivers/STM32F3xx_HAL_Driver/Src/stm32f3xx_hal_tim_ex.o
 .debug_line    0x000000000001ea53     0x318b ./Drivers/STM32F3xx_HAL_Driver/Src/stm32f3xx_hal_uart.o
 .debug_line    0x0000000000021bde     0x1068 ./Drivers/STM32F3xx_HAL_Driver/Src/stm32f3xx_ll_usb.o

.debug_str      0x0000000000000000    0xc76db
 .debug_str     0x0000000000000000    0xc1472 ./Core/Src/adc.o
                                      0xc1c08 (size before relaxing)
 .debug_str     0x00000000000c1472       0x5c ./Core/Src/gpio.o
                                      0xc1657 (size before relaxing)
 .debug_str     0x00000000000c14ce      0x2b7 ./Core/Src/i2c.o
                                      0xc1b7f (size before relaxing)
 .debug_str     0x00000000000c1785       0x39 ./Core/Src/main.o
                                      0xc1537 (size before relaxing)
 .debug_str     0x00000000000c17be       0x38 ./Core/Src/motor.o
                                      0xc15ad (size before relaxing)
 .debug_str     0x00000000000c17f6      0x355 ./Core/Src/peripherals.o
                                      0xc1e1b (size before relaxing)
 .debug_str     0x00000000000c1b4b      0x13e ./Core/Src/ptu_i2c.o
                                      0xbce07 (size before relaxing)
 .debug_str     0x00000000000c1c89      0x2cf ./Core/Src/safecracker.o
                                      0xc1b18 (size before relaxing)
 .debug_str     0x00000000000c1f58      0x1d8 ./Core/Src/spi.o
                                      0xc1a8a (size before relaxing)
 .debug_str     0x00000000000c2130       0x49 ./Core/Src/stm32f3xx_hal_msp.o
                                      0xc15b5 (size before relaxing)
 .debug_str     0x00000000000c2179       0xec ./Core/Src/stm32f3xx_it.o
                                      0xc1b13 (size before relaxing)
 .debug_str     0x00000000000c2265      0x2c9 ./Core/Src/sysclock_config.o
                                      0xc1834 (size before relaxing)
 .debug_str     0x00000000000c252e       0xdf ./Core/Src/system_stm32f3xx.o
                                      0xbc4bc (size before relaxing)
 .debug_str     0x00000000000c260d      0x5e4 ./Core/Src/tim.o
                                      0xc22a7 (size before relaxing)
 .debug_str     0x00000000000c2bf1       0x51 ./Core/Src/usart.o
                                      0xc1ade (size before relaxing)
 .debug_str     0x00000000000c2c42      0x2e2 ./Core/Src/usb.o
                                      0xc1a18 (size before relaxing)
 .debug_str     0x00000000000c2f24       0x36 ./Core/Startup/startup_stm32f303vctx.o
                                         0x6b (size before relaxing)
 .debug_str     0x00000000000c2f5a      0x34c ./Drivers/STM32F3xx_HAL_Driver/Src/stm32f3xx_hal.o
                                      0xbccfa (size before relaxing)
 .debug_str     0x00000000000c32a6      0x824 ./Drivers/STM32F3xx_HAL_Driver/Src/stm32f3xx_hal_adc_ex.o
                                      0xbd1c2 (size before relaxing)
 .debug_str     0x00000000000c3aca      0x320 ./Drivers/STM32F3xx_HAL_Driver/Src/stm32f3xx_hal_cortex.o
                                      0xbcd4c (size before relaxing)
 .debug_str     0x00000000000c3dea      0x12b ./Drivers/STM32F3xx_HAL_Driver/Src/stm32f3xx_hal_gpio.o
                                      0xbc629 (size before relaxing)
 .debug_str     0x00000000000c3f15      0xe1b ./Drivers/STM32F3xx_HAL_Driver/Src/stm32f3xx_hal_i2c.o
                                      0xbd7bf (size before relaxing)
 .debug_str     0x00000000000c4d30       0xb8 ./Drivers/STM32F3xx_HAL_Driver/Src/stm32f3xx_hal_i2c_ex.o
                                      0xbc9dd (size before relaxing)
 .debug_str     0x00000000000c4de8      0x50c ./Drivers/STM32F3xx_HAL_Driver/Src/stm32f3xx_hal_pcd.o
                                      0xbccd1 (size before relaxing)
 .debug_str     0x00000000000c52f4      0x2c6 ./Drivers/STM32F3xx_HAL_Driver/Src/stm32f3xx_hal_rcc.o
                                      0xbc95c (size before relaxing)
 .debug_str     0x00000000000c55ba       0xbe ./Drivers/STM32F3xx_HAL_Driver/Src/stm32f3xx_hal_rcc_ex.o
                                      0xbc720 (size before relaxing)
 .debug_str     0x00000000000c5678      0x56b ./Drivers/STM32F3xx_HAL_Driver/Src/stm32f3xx_hal_spi.o
                                      0xbcde2 (size before relaxing)
 .debug_str     0x00000000000c5be3      0xcf8 ./Drivers/STM32F3xx_HAL_Driver/Src/stm32f3xx_hal_tim.o
                                      0xbd8e3 (size before relaxing)
 .debug_str     0x00000000000c68db      0x4dc ./Drivers/STM32F3xx_HAL_Driver/Src/stm32f3xx_hal_tim_ex.o
                                      0xbd139 (size before relaxing)
 .debug_str     0x00000000000c6db7      0x84c ./Drivers/STM32F3xx_HAL_Driver/Src/stm32f3xx_hal_uart.o
                                      0xbd1df (size before relaxing)
 .debug_str     0x00000000000c7603       0xd8 ./Drivers/STM32F3xx_HAL_Driver/Src/stm32f3xx_ll_usb.o
                                      0xbc826 (size before relaxing)

.comment        0x0000000000000000       0x50
 .comment       0x0000000000000000       0x50 ./Core/Src/adc.o
                                         0x51 (size before relaxing)
 .comment       0x0000000000000050       0x51 ./Core/Src/gpio.o
 .comment       0x0000000000000050       0x51 ./Core/Src/i2c.o
 .comment       0x0000000000000050       0x51 ./Core/Src/main.o
 .comment       0x0000000000000050       0x51 ./Core/Src/motor.o
 .comment       0x0000000000000050       0x51 ./Core/Src/peripherals.o
 .comment       0x0000000000000050       0x51 ./Core/Src/ptu_i2c.o
 .comment       0x0000000000000050       0x51 ./Core/Src/safecracker.o
 .comment       0x0000000000000050       0x51 ./Core/Src/spi.o
 .comment       0x0000000000000050       0x51 ./Core/Src/stm32f3xx_hal_msp.o
 .comment       0x0000000000000050       0x51 ./Core/Src/stm32f3xx_it.o
 .comment       0x0000000000000050       0x51 ./Core/Src/sysclock_config.o
 .comment       0x0000000000000050       0x51 ./Core/Src/system_stm32f3xx.o
 .comment       0x0000000000000050       0x51 ./Core/Src/tim.o
 .comment       0x0000000000000050       0x51 ./Core/Src/usart.o
 .comment       0x0000000000000050       0x51 ./Core/Src/usb.o
 .comment       0x0000000000000050       0x51 ./Drivers/STM32F3xx_HAL_Driver/Src/stm32f3xx_hal.o
 .comment       0x0000000000000050       0x51 ./Drivers/STM32F3xx_HAL_Driver/Src/stm32f3xx_hal_adc_ex.o
 .comment       0x0000000000000050       0x51 ./Drivers/STM32F3xx_HAL_Driver/Src/stm32f3xx_hal_cortex.o
 .comment       0x0000000000000050       0x51 ./Drivers/STM32F3xx_HAL_Driver/Src/stm32f3xx_hal_gpio.o
 .comment       0x0000000000000050       0x51 ./Drivers/STM32F3xx_HAL_Driver/Src/stm32f3xx_hal_i2c.o
 .comment       0x0000000000000050       0x51 ./Drivers/STM32F3xx_HAL_Driver/Src/stm32f3xx_hal_i2c_ex.o
 .comment       0x0000000000000050       0x51 ./Drivers/STM32F3xx_HAL_Driver/Src/stm32f3xx_hal_pcd.o
 .comment       0x0000000000000050       0x51 ./Drivers/STM32F3xx_HAL_Driver/Src/stm32f3xx_hal_rcc.o
 .comment       0x0000000000000050       0x51 ./Drivers/STM32F3xx_HAL_Driver/Src/stm32f3xx_hal_rcc_ex.o
 .comment       0x0000000000000050       0x51 ./Drivers/STM32F3xx_HAL_Driver/Src/stm32f3xx_hal_spi.o
 .comment       0x0000000000000050       0x51 ./Drivers/STM32F3xx_HAL_Driver/Src/stm32f3xx_hal_tim.o
 .comment       0x0000000000000050       0x51 ./Drivers/STM32F3xx_HAL_Driver/Src/stm32f3xx_hal_tim_ex.o
 .comment       0x0000000000000050       0x51 ./Drivers/STM32F3xx_HAL_Driver/Src/stm32f3xx_hal_uart.o
 .comment       0x0000000000000050       0x51 ./Drivers/STM32F3xx_HAL_Driver/Src/stm32f3xx_ll_usb.o

.debug_frame    0x0000000000000000     0x5b70
 .debug_frame   0x0000000000000000       0xa0 ./Core/Src/adc.o
 .debug_frame   0x00000000000000a0       0x34 ./Core/Src/gpio.o
 .debug_frame   0x00000000000000d4       0x74 ./Core/Src/i2c.o
 .debug_frame   0x0000000000000148       0x2c ./Core/Src/main.o
 .debug_frame   0x0000000000000174       0x38 ./Core/Src/motor.o
 .debug_frame   0x00000000000001ac       0x2c ./Core/Src/peripherals.o
 .debug_frame   0x00000000000001d8       0x38 ./Core/Src/ptu_i2c.o
 .debug_frame   0x0000000000000210       0x5c ./Core/Src/safecracker.o
 .debug_frame   0x000000000000026c       0x74 ./Core/Src/spi.o
 .debug_frame   0x00000000000002e0       0x34 ./Core/Src/stm32f3xx_hal_msp.o
 .debug_frame   0x0000000000000314      0x13c ./Core/Src/stm32f3xx_it.o
 .debug_frame   0x0000000000000450       0x50 ./Core/Src/sysclock_config.o
 .debug_frame   0x00000000000004a0       0x58 ./Core/Src/system_stm32f3xx.o
 .debug_frame   0x00000000000004f8      0x10c ./Core/Src/tim.o
 .debug_frame   0x0000000000000604       0x74 ./Core/Src/usart.o
 .debug_frame   0x0000000000000678       0x74 ./Core/Src/usb.o
 .debug_frame   0x00000000000006ec      0x334 ./Drivers/STM32F3xx_HAL_Driver/Src/stm32f3xx_hal.o
 .debug_frame   0x0000000000000a20      0x644 ./Drivers/STM32F3xx_HAL_Driver/Src/stm32f3xx_hal_adc_ex.o
 .debug_frame   0x0000000000001064      0x498 ./Drivers/STM32F3xx_HAL_Driver/Src/stm32f3xx_hal_cortex.o
 .debug_frame   0x00000000000014fc      0x14c ./Drivers/STM32F3xx_HAL_Driver/Src/stm32f3xx_hal_gpio.o
 .debug_frame   0x0000000000001648      0xc38 ./Drivers/STM32F3xx_HAL_Driver/Src/stm32f3xx_hal_i2c.o
 .debug_frame   0x0000000000002280      0x100 ./Drivers/STM32F3xx_HAL_Driver/Src/stm32f3xx_hal_i2c_ex.o
 .debug_frame   0x0000000000002380      0x59c ./Drivers/STM32F3xx_HAL_Driver/Src/stm32f3xx_hal_pcd.o
 .debug_frame   0x000000000000291c      0x214 ./Drivers/STM32F3xx_HAL_Driver/Src/stm32f3xx_hal_rcc.o
 .debug_frame   0x0000000000002b30       0xb0 ./Drivers/STM32F3xx_HAL_Driver/Src/stm32f3xx_hal_rcc_ex.o
 .debug_frame   0x0000000000002be0      0x860 ./Drivers/STM32F3xx_HAL_Driver/Src/stm32f3xx_hal_spi.o
 .debug_frame   0x0000000000003440     0x121c ./Drivers/STM32F3xx_HAL_Driver/Src/stm32f3xx_hal_tim.o
 .debug_frame   0x000000000000465c      0x688 ./Drivers/STM32F3xx_HAL_Driver/Src/stm32f3xx_hal_tim_ex.o
 .debug_frame   0x0000000000004ce4      0x9e8 ./Drivers/STM32F3xx_HAL_Driver/Src/stm32f3xx_hal_uart.o
 .debug_frame   0x00000000000056cc      0x338 ./Drivers/STM32F3xx_HAL_Driver/Src/stm32f3xx_ll_usb.o
 .debug_frame   0x0000000000005a04       0x2c /Applications/STM32CubeIDE.app/Contents/Eclipse/plugins/com.st.stm32cube.ide.mcu.externaltools.gnu-tools-for-stm32.10.3-2021.10.macos64_1.0.200.202301161003/tools/bin/../lib/gcc/arm-none-eabi/10.3.1/../../../../arm-none-eabi/lib/thumb/v7e-m+fp/hard/libc_nano.a(lib_a-init.o)
 .debug_frame   0x0000000000005a30       0x20 /Applications/STM32CubeIDE.app/Contents/Eclipse/plugins/com.st.stm32cube.ide.mcu.externaltools.gnu-tools-for-stm32.10.3-2021.10.macos64_1.0.200.202301161003/tools/bin/../lib/gcc/arm-none-eabi/10.3.1/../../../../arm-none-eabi/lib/thumb/v7e-m+fp/hard/libc_nano.a(lib_a-memset.o)
 .debug_frame   0x0000000000005a50       0xac /Applications/STM32CubeIDE.app/Contents/Eclipse/plugins/com.st.stm32cube.ide.mcu.externaltools.gnu-tools-for-stm32.10.3-2021.10.macos64_1.0.200.202301161003/tools/bin/../lib/gcc/arm-none-eabi/10.3.1/thumb/v7e-m+fp/hard/libgcc.a(_arm_addsubdf3.o)
 .debug_frame   0x0000000000005afc       0x50 /Applications/STM32CubeIDE.app/Contents/Eclipse/plugins/com.st.stm32cube.ide.mcu.externaltools.gnu-tools-for-stm32.10.3-2021.10.macos64_1.0.200.202301161003/tools/bin/../lib/gcc/arm-none-eabi/10.3.1/thumb/v7e-m+fp/hard/libgcc.a(_arm_muldivdf3.o)
 .debug_frame   0x0000000000005b4c       0x24 /Applications/STM32CubeIDE.app/Contents/Eclipse/plugins/com.st.stm32cube.ide.mcu.externaltools.gnu-tools-for-stm32.10.3-2021.10.macos64_1.0.200.202301161003/tools/bin/../lib/gcc/arm-none-eabi/10.3.1/thumb/v7e-m+fp/hard/libgcc.a(_arm_fixunsdfsi.o)
